Archive member included to satisfy reference by file (symbol)

D:/STMicroelectronics/STM32CubeIDE_1.14.0/STM32CubeIDE/plugins/com.st.stm32cube.ide.mcu.externaltools.gnu-tools-for-stm32.11.3.rel1.win32_1.1.100.202309141235/tools/bin/../lib/gcc/arm-none-eabi/11.3.1/../../../../arm-none-eabi/lib/thumb/v7e-m+fp/hard\libc_nano.a(libc_a-exit.o)
                              D:/STMicroelectronics/STM32CubeIDE_1.14.0/STM32CubeIDE/plugins/com.st.stm32cube.ide.mcu.externaltools.gnu-tools-for-stm32.11.3.rel1.win32_1.1.100.202309141235/tools/bin/../lib/gcc/arm-none-eabi/11.3.1/../../../../arm-none-eabi/lib/thumb/v7e-m+fp/hard/crt0.o (exit)
D:/STMicroelectronics/STM32CubeIDE_1.14.0/STM32CubeIDE/plugins/com.st.stm32cube.ide.mcu.externaltools.gnu-tools-for-stm32.11.3.rel1.win32_1.1.100.202309141235/tools/bin/../lib/gcc/arm-none-eabi/11.3.1/../../../../arm-none-eabi/lib/thumb/v7e-m+fp/hard\libc_nano.a(libc_a-findfp.o)
                              D:/STMicroelectronics/STM32CubeIDE_1.14.0/STM32CubeIDE/plugins/com.st.stm32cube.ide.mcu.externaltools.gnu-tools-for-stm32.11.3.rel1.win32_1.1.100.202309141235/tools/bin/../lib/gcc/arm-none-eabi/11.3.1/../../../../arm-none-eabi/lib/thumb/v7e-m+fp/hard\libc_nano.a(libc_a-exit.o) (__stdio_exit_handler)
D:/STMicroelectronics/STM32CubeIDE_1.14.0/STM32CubeIDE/plugins/com.st.stm32cube.ide.mcu.externaltools.gnu-tools-for-stm32.11.3.rel1.win32_1.1.100.202309141235/tools/bin/../lib/gcc/arm-none-eabi/11.3.1/../../../../arm-none-eabi/lib/thumb/v7e-m+fp/hard\libc_nano.a(libc_a-fwalk.o)
                              D:/STMicroelectronics/STM32CubeIDE_1.14.0/STM32CubeIDE/plugins/com.st.stm32cube.ide.mcu.externaltools.gnu-tools-for-stm32.11.3.rel1.win32_1.1.100.202309141235/tools/bin/../lib/gcc/arm-none-eabi/11.3.1/../../../../arm-none-eabi/lib/thumb/v7e-m+fp/hard\libc_nano.a(libc_a-findfp.o) (_fwalk_sglue)
D:/STMicroelectronics/STM32CubeIDE_1.14.0/STM32CubeIDE/plugins/com.st.stm32cube.ide.mcu.externaltools.gnu-tools-for-stm32.11.3.rel1.win32_1.1.100.202309141235/tools/bin/../lib/gcc/arm-none-eabi/11.3.1/../../../../arm-none-eabi/lib/thumb/v7e-m+fp/hard\libc_nano.a(libc_a-stdio.o)
                              D:/STMicroelectronics/STM32CubeIDE_1.14.0/STM32CubeIDE/plugins/com.st.stm32cube.ide.mcu.externaltools.gnu-tools-for-stm32.11.3.rel1.win32_1.1.100.202309141235/tools/bin/../lib/gcc/arm-none-eabi/11.3.1/../../../../arm-none-eabi/lib/thumb/v7e-m+fp/hard\libc_nano.a(libc_a-findfp.o) (__sread)
D:/STMicroelectronics/STM32CubeIDE_1.14.0/STM32CubeIDE/plugins/com.st.stm32cube.ide.mcu.externaltools.gnu-tools-for-stm32.11.3.rel1.win32_1.1.100.202309141235/tools/bin/../lib/gcc/arm-none-eabi/11.3.1/../../../../arm-none-eabi/lib/thumb/v7e-m+fp/hard\libc_nano.a(libc_a-vsprintf.o)
                              ./Core/Src/bsp.o (vsprintf)
D:/STMicroelectronics/STM32CubeIDE_1.14.0/STM32CubeIDE/plugins/com.st.stm32cube.ide.mcu.externaltools.gnu-tools-for-stm32.11.3.rel1.win32_1.1.100.202309141235/tools/bin/../lib/gcc/arm-none-eabi/11.3.1/../../../../arm-none-eabi/lib/thumb/v7e-m+fp/hard\libc_nano.a(libc_a-memset.o)
                              D:/STMicroelectronics/STM32CubeIDE_1.14.0/STM32CubeIDE/plugins/com.st.stm32cube.ide.mcu.externaltools.gnu-tools-for-stm32.11.3.rel1.win32_1.1.100.202309141235/tools/bin/../lib/gcc/arm-none-eabi/11.3.1/../../../../arm-none-eabi/lib/thumb/v7e-m+fp/hard/crt0.o (memset)
D:/STMicroelectronics/STM32CubeIDE_1.14.0/STM32CubeIDE/plugins/com.st.stm32cube.ide.mcu.externaltools.gnu-tools-for-stm32.11.3.rel1.win32_1.1.100.202309141235/tools/bin/../lib/gcc/arm-none-eabi/11.3.1/../../../../arm-none-eabi/lib/thumb/v7e-m+fp/hard\libc_nano.a(libc_a-closer.o)
                              D:/STMicroelectronics/STM32CubeIDE_1.14.0/STM32CubeIDE/plugins/com.st.stm32cube.ide.mcu.externaltools.gnu-tools-for-stm32.11.3.rel1.win32_1.1.100.202309141235/tools/bin/../lib/gcc/arm-none-eabi/11.3.1/../../../../arm-none-eabi/lib/thumb/v7e-m+fp/hard\libc_nano.a(libc_a-stdio.o) (_close_r)
D:/STMicroelectronics/STM32CubeIDE_1.14.0/STM32CubeIDE/plugins/com.st.stm32cube.ide.mcu.externaltools.gnu-tools-for-stm32.11.3.rel1.win32_1.1.100.202309141235/tools/bin/../lib/gcc/arm-none-eabi/11.3.1/../../../../arm-none-eabi/lib/thumb/v7e-m+fp/hard\libc_nano.a(libc_a-reent.o)
                              D:/STMicroelectronics/STM32CubeIDE_1.14.0/STM32CubeIDE/plugins/com.st.stm32cube.ide.mcu.externaltools.gnu-tools-for-stm32.11.3.rel1.win32_1.1.100.202309141235/tools/bin/../lib/gcc/arm-none-eabi/11.3.1/../../../../arm-none-eabi/lib/thumb/v7e-m+fp/hard\libc_nano.a(libc_a-closer.o) (errno)
D:/STMicroelectronics/STM32CubeIDE_1.14.0/STM32CubeIDE/plugins/com.st.stm32cube.ide.mcu.externaltools.gnu-tools-for-stm32.11.3.rel1.win32_1.1.100.202309141235/tools/bin/../lib/gcc/arm-none-eabi/11.3.1/../../../../arm-none-eabi/lib/thumb/v7e-m+fp/hard\libc_nano.a(libc_a-impure.o)
[...]
Memory Configuration

Name             Origin             Length             Attributes
RAM              0x0000000020000000 0x0000000000020000 xrw
FLASH            0x0000000008008000 0x0000000000080000 xr
*default*        0x0000000000000000 0xffffffffffffffff

Linker script and memory map

LOAD D:/STMicroelectronics/STM32CubeIDE_1.14.0/STM32CubeIDE/plugins/com.st.stm32cube.ide.mcu.externaltools.gnu-tools-for-stm32.11.3.rel1.win32_1.1.100.202309141235/tools/bin/../lib/gcc/arm-none-eabi/11.3.1/thumb/v7e-m+fp/hard/crti.o
LOAD D:/STMicroelectronics/STM32CubeIDE_1.14.0/STM32CubeIDE/plugins/com.st.stm32cube.ide.mcu.externaltools.gnu-tools-for-stm32.11.3.rel1.win32_1.1.100.202309141235/tools/bin/../lib/gcc/arm-none-eabi/11.3.1/thumb/v7e-m+fp/hard/crtbegin.o
LOAD D:/STMicroelectronics/STM32CubeIDE_1.14.0/STM32CubeIDE/plugins/com.st.stm32cube.ide.mcu.externaltools.gnu-tools-for-stm32.11.3.rel1.win32_1.1.100.202309141235/tools/bin/../lib/gcc/arm-none-eabi/11.3.1/../../../../arm-none-eabi/lib/thumb/v7e-m+fp/hard/crt0.o
LOAD ./Core/Src/bsp.o
LOAD ./Core/Src/main.o
LOAD ./Core/Src/stm32f4xx_hal_msp.o
LOAD ./Core/Src/stm32f4xx_it.o
LOAD ./Core/Src/syscalls.o
LOAD ./Core/Src/sysmem.o
LOAD ./Core/Src/system_stm32f4xx.o
LOAD ./Core/Startup/startup_stm32f446retx.o
LOAD ./Drivers/STM32F4xx_HAL_Driver/Src/stm32f4xx_hal.o
LOAD ./Drivers/STM32F4xx_HAL_Driver/Src/stm32f4xx_hal_cortex.o
LOAD ./Drivers/STM32F4xx_HAL_Driver/Src/stm32f4xx_hal_crc.o
LOAD ./Drivers/STM32F4xx_HAL_Driver/Src/stm32f4xx_hal_dma.o
LOAD ./Drivers/STM32F4xx_HAL_Driver/Src/stm32f4xx_hal_dma_ex.o
LOAD ./Drivers/STM32F4xx_HAL_Driver/Src/stm32f4xx_hal_exti.o
LOAD ./Drivers/STM32F4xx_HAL_Driver/Src/stm32f4xx_hal_flash.o
LOAD ./Drivers/STM32F4xx_HAL_Driver/Src/stm32f4xx_hal_flash_ex.o
LOAD ./Drivers/STM32F4xx_HAL_Driver/Src/stm32f4xx_hal_flash_ramfunc.o
LOAD ./Drivers/STM32F4xx_HAL_Driver/Src/stm32f4xx_hal_gpio.o
LOAD ./Drivers/STM32F4xx_HAL_Driver/Src/stm32f4xx_hal_pwr.o
LOAD ./Drivers/STM32F4xx_HAL_Driver/Src/stm32f4xx_hal_pwr_ex.o
LOAD ./Drivers/STM32F4xx_HAL_Driver/Src/stm32f4xx_hal_rcc.o
LOAD ./Drivers/STM32F4xx_HAL_Driver/Src/stm32f4xx_hal_rcc_ex.o
LOAD ./Drivers/STM32F4xx_HAL_Driver/Src/stm32f4xx_hal_uart.o
START GROUP
LOAD D:/STMicroelectronics/STM32CubeIDE_1.14.0/STM32CubeIDE/plugins/com.st.stm32cube.ide.mcu.externaltools.gnu-tools-for-stm32.11.3.rel1.win32_1.1.100.202309141235/tools/bin/../lib/gcc/arm-none-eabi/11.3.1/../../../../arm-none-eabi/lib/thumb/v7e-m+fp/hard\libc_nano.a
LOAD D:/STMicroelectronics/STM32CubeIDE_1.14.0/STM32CubeIDE/plugins/com.st.stm32cube.ide.mcu.externaltools.gnu-tools-for-stm32.11.3.rel1.win32_1.1.100.202309141235/tools/bin/../lib/gcc/arm-none-eabi/11.3.1/../../../../arm-none-eabi/lib/thumb/v7e-m+fp/hard\libm.a
END GROUP
START GROUP
LOAD D:/STMicroelectronics/STM32CubeIDE_1.14.0/STM32CubeIDE/plugins/com.st.stm32cube.ide.mcu.externaltools.gnu-tools-for-stm32.11.3.rel1.win32_1.1.100.202309141235/tools/bin/../lib/gcc/arm-none-eabi/11.3.1/thumb/v7e-m+fp/hard\libgcc.a
LOAD D:/STMicroelectronics/STM32CubeIDE_1.14.0/STM32CubeIDE/plugins/com.st.stm32cube.ide.mcu.externaltools.gnu-tools-for-stm32.11.3.rel1.win32_1.1.100.202309141235/tools/bin/../lib/gcc/arm-none-eabi/11.3.1/../../../../arm-none-eabi/lib/thumb/v7e-m+fp/hard\libc_nano.a
END GROUP
START GROUP
LOAD D:/STMicroelectronics/STM32CubeIDE_1.14.0/STM32CubeIDE/plugins/com.st.stm32cube.ide.mcu.externaltools.gnu-tools-for-stm32.11.3.rel1.win32_1.1.100.202309141235/tools/bin/../lib/gcc/arm-none-eabi/11.3.1/thumb/v7e-m+fp/hard\libgcc.a
LOAD D:/STMicroelectronics/STM32CubeIDE_1.14.0/STM32CubeIDE/plugins/com.st.stm32cube.ide.mcu.externaltools.gnu-tools-for-stm32.11.3.rel1.win32_1.1.100.202309141235/tools/bin/../lib/gcc/arm-none-eabi/11.3.1/../../../../arm-none-eabi/lib/thumb/v7e-m+fp/hard\libc_nano.a
LOAD D:/STMicroelectronics/STM32CubeIDE_1.14.0/STM32CubeIDE/plugins/com.st.stm32cube.ide.mcu.externaltools.gnu-tools-for-stm32.11.3.rel1.win32_1.1.100.202309141235/tools/bin/../lib/gcc/arm-none-eabi/11.3.1/../../../../arm-none-eabi/lib/thumb/v7e-m+fp/hard\libnosys.a
END GROUP
START GROUP
LOAD D:/STMicroelectronics/STM32CubeIDE_1.14.0/STM32CubeIDE/plugins/com.st.stm32cube.ide.mcu.externaltools.gnu-tools-for-stm32.11.3.rel1.win32_1.1.100.202309141235/tools/bin/../lib/gcc/arm-none-eabi/11.3.1/thumb/v7e-m+fp/hard\libgcc.a
LOAD D:/STMicroelectronics/STM32CubeIDE_1.14.0/STM32CubeIDE/plugins/com.st.stm32cube.ide.mcu.externaltools.gnu-tools-for-stm32.11.3.rel1.win32_1.1.100.202309141235/tools/bin/../lib/gcc/arm-none-eabi/11.3.1/../../../../arm-none-eabi/lib/thumb/v7e-m+fp/hard\libc_nano.a
LOAD D:/STMicroelectronics/STM32CubeIDE_1.14.0/STM32CubeIDE/plugins/com.st.stm32cube.ide.mcu.externaltools.gnu-tools-for-stm32.11.3.rel1.win32_1.1.100.202309141235/tools/bin/../lib/gcc/arm-none-eabi/11.3.1/../../../../arm-none-eabi/lib/thumb/v7e-m+fp/hard\libnosys.a
END GROUP
LOAD D:/STMicroelectronics/STM32CubeIDE_1.14.0/STM32CubeIDE/plugins/com.st.stm32cube.ide.mcu.externaltools.gnu-tools-for-stm32.11.3.rel1.win32_1.1.100.202309141235/tools/bin/../lib/gcc/arm-none-eabi/11.3.1/thumb/v7e-m+fp/hard/crtend.o
LOAD D:/STMicroelectronics/STM32CubeIDE_1.14.0/STM32CubeIDE/plugins/com.st.stm32cube.ide.mcu.externaltools.gnu-tools-for-stm32.11.3.rel1.win32_1.1.100.202309141235/tools/bin/../lib/gcc/arm-none-eabi/11.3.1/thumb/v7e-m+fp/hard/crtn.o
                0x0000000020020000                _estack = (ORIGIN (RAM) + LENGTH (RAM))
                0x0000000000000200                _Min_Heap_Size = 0x200
                0x0000000000000400                _Min_Stack_Size = 0x400

.isr_vector     0x0000000008008000      0x1c4
                0x0000000008008000                . = ALIGN (0x4)
 *(.isr_vector)
 .isr_vector    0x0000000008008000      0x1c4 ./Core/Startup/startup_stm32f446retx.o
                0x0000000008008000                g_pfnVectors
                0x00000000080081c4                . = ALIGN (0x4)

.text           0x00000000080081d0     0x3c04
                0x00000000080081d0                . = ALIGN (0x4)
 *(.text)
 .text          0x00000000080081d0       0x40 D:/STMicroelectronics/STM32CubeIDE_1.14.0/STM32CubeIDE/plugins/com.st.stm32cube.ide.mcu.externaltools.gnu-tools-for-stm32.11.3.rel1.win32_1.1.100.202309141235/tools/bin/../lib/gcc/arm-none-eabi/11.3.1/thumb/v7e-m+fp/hard/crtbegin.o
 .text          0x0000000008008210       0x10 D:/STMicroelectronics/STM32CubeIDE_1.14.0/STM32CubeIDE/plugins/com.st.stm32cube.ide.mcu.externaltools.gnu-tools-for-stm32.11.3.rel1.win32_1.1.100.202309141235/tools/bin/../lib/gcc/arm-none-eabi/11.3.1/../../../../arm-none-eabi/lib/thumb/v7e-m+fp/hard\libc_nano.a(libc_a-strlen.o)
                0x0000000008008210                strlen
 .text          0x0000000008008220       0xa0 D:/STMicroelectronics/STM32CubeIDE_1.14.0/STM32CubeIDE/plugins/com.st.stm32cube.ide.mcu.externaltools.gnu-tools-for-stm32.11.3.rel1.win32_1.1.100.202309141235/tools/bin/../lib/gcc/arm-none-eabi/11.3.1/../../../../arm-none-eabi/lib/thumb/v7e-m+fp/hard\libc_nano.a(libc_a-memchr.o)
                0x0000000008008220                memchr
 .text          0x00000000080082c0       0x30 D:/STMicroelectronics/STM32CubeIDE_1.14.0/STM32CubeIDE/plugins/com.st.stm32cube.ide.mcu.externaltools.gnu-tools-for-stm32.11.3.rel1.win32_1.1.100.202309141235/tools/bin/../lib/gcc/arm-none-eabi/11.3.1/thumb/v7e-m+fp/hard\libgcc.a(_aeabi_uldivmod.o)
                0x00000000080082c0                __aeabi_uldivmod
 .text          0x00000000080082f0      0x2c8 D:/STMicroelectronics/STM32CubeIDE_1.14.0/STM32CubeIDE/plugins/com.st.stm32cube.ide.mcu.externaltools.gnu-tools-for-stm32.11.3.rel1.win32_1.1.100.202309141235/tools/bin/../lib/gcc/arm-none-eabi/11.3.1/thumb/v7e-m+fp/hard\libgcc.a(_udivmoddi4.o)
                0x00000000080082f0                __udivmoddi4
 .text          0x00000000080085b8        0x4 D:/STMicroelectronics/STM32CubeIDE_1.14.0/STM32CubeIDE/plugins/com.st.stm32cube.ide.mcu.externaltools.gnu-tools-for-stm32.11.3.rel1.win32_1.1.100.202309141235/tools/bin/../lib/gcc/arm-none-eabi/11.3.1/thumb/v7e-m+fp/hard\libgcc.a(_dvmd_tls.o)
                0x00000000080085b8                __aeabi_idiv0
                0x00000000080085b8                __aeabi_ldiv0
 *(.text*)
 .text.bootloader_uart_read_data
                0x00000000080085bc       0x98 ./Core/Src/bsp.o
                0x00000000080085bc                bootloader_uart_read_data
 .text.bootloader_jump_to_user_app
                0x0000000008008654       0x58 ./Core/Src/bsp.o
                0x0000000008008654                bootloader_jump_to_user_app
 .text.bootloader_handle_getver_cmd
                0x00000000080086ac       0x90 ./Core/Src/bsp.o
                0x00000000080086ac                bootloader_handle_getver_cmd
 .text.bootloader_handle_go_cmd
                0x000000000800873c       0xd4 ./Core/Src/bsp.o
                0x000000000800873c                bootloader_handle_go_cmd
 .text.bootloader_handle_flash_erase_cmd
                0x0000000008008810       0xd4 ./Core/Src/bsp.o
                0x0000000008008810                bootloader_handle_flash_erase_cmd
 .text.bootloader_handle_mem_write_cmd
                0x00000000080088e4       0xf4 ./Core/Src/bsp.o
                0x00000000080088e4                bootloader_handle_mem_write_cmd
 .text.bootloader_send_ack
                0x00000000080089d8       0x34 ./Core/Src/bsp.o
                0x00000000080089d8                bootloader_send_ack
 .text.bootloader_send_nack
                0x0000000008008a0c       0x24 ./Core/Src/bsp.o
                0x0000000008008a0c                bootloader_send_nack
 .text.bootloader_verify_crc
                0x0000000008008a30       0x68 ./Core/Src/bsp.o
                0x0000000008008a30                bootloader_verify_crc
 .text.bootloader_uart_write_data
                0x0000000008008a98       0x28 ./Core/Src/bsp.o
                0x0000000008008a98                bootloader_uart_write_data
 .text.get_bootloader_version
                0x0000000008008ac0       0x10 ./Core/Src/bsp.o
                0x0000000008008ac0                get_bootloader_version
 .text.verify_address
                0x0000000008008ad0       0x7c ./Core/Src/bsp.o
                0x0000000008008ad0                verify_address
 .text.execute_flash_erase
                0x0000000008008b4c       0x8e ./Core/Src/bsp.o
                0x0000000008008b4c                execute_flash_erase
 .text.execute_mem_write
                0x0000000008008bda       0xaa ./Core/Src/bsp.o
                0x0000000008008bda                execute_mem_write
 .text.printmsg
                0x0000000008008c84       0x4c ./Core/Src/bsp.o
 .text.main     0x0000000008008cd0       0x9c ./Core/Src/main.o
                0x0000000008008cd0                main
 .text.SystemClock_Config
                0x0000000008008d6c       0xdc ./Core/Src/main.o
                0x0000000008008d6c                SystemClock_Config
 .text.MX_CRC_Init
                0x0000000008008e48       0x28 ./Core/Src/main.o
 .text.MX_USART2_UART_Init
                0x0000000008008e70       0x54 ./Core/Src/main.o
 .text.MX_USART3_UART_Init
                0x0000000008008ec4       0x54 ./Core/Src/main.o
 .text.MX_GPIO_Init
                0x0000000008008f18       0xdc ./Core/Src/main.o
 .text.Error_Handler
                0x0000000008008ff4        0xa ./Core/Src/main.o
                0x0000000008008ff4                Error_Handler
 *fill*         0x0000000008008ffe        0x2 
 .text.HAL_MspInit
                0x0000000008009000       0x50 ./Core/Src/stm32f4xx_hal_msp.o
                0x0000000008009000                HAL_MspInit
 .text.HAL_CRC_MspInit
                0x0000000008009050       0x44 ./Core/Src/stm32f4xx_hal_msp.o
                0x0000000008009050                HAL_CRC_MspInit
 .text.HAL_UART_MspInit
                0x0000000008009094       0xfc ./Core/Src/stm32f4xx_hal_msp.o
                0x0000000008009094                HAL_UART_MspInit
 .text.NMI_Handler
                0x0000000008009190        0x6 ./Core/Src/stm32f4xx_it.o
                0x0000000008009190                NMI_Handler
 .text.HardFault_Handler
                0x0000000008009196        0x6 ./Core/Src/stm32f4xx_it.o
                0x0000000008009196                HardFault_Handler
 .text.MemManage_Handler
                0x000000000800919c        0x6 ./Core/Src/stm32f4xx_it.o
                0x000000000800919c                MemManage_Handler
 .text.BusFault_Handler
                0x00000000080091a2        0x6 ./Core/Src/stm32f4xx_it.o
                0x00000000080091a2                BusFault_Handler
 .text.UsageFault_Handler
                0x00000000080091a8        0x6 ./Core/Src/stm32f4xx_it.o
                0x00000000080091a8                UsageFault_Handler
 .text.SVC_Handler
                0x00000000080091ae        0xe ./Core/Src/stm32f4xx_it.o
                0x00000000080091ae                SVC_Handler
 .text.DebugMon_Handler
                0x00000000080091bc        0xe ./Core/Src/stm32f4xx_it.o
                0x00000000080091bc                DebugMon_Handler
 .text.PendSV_Handler
                0x00000000080091ca        0xe ./Core/Src/stm32f4xx_it.o
                0x00000000080091ca                PendSV_Handler
 .text.SysTick_Handler
                0x00000000080091d8        0xc ./Core/Src/stm32f4xx_it.o
                0x00000000080091d8                SysTick_Handler
 .text._sbrk    0x00000000080091e4       0x6c ./Core/Src/sysmem.o
                0x00000000080091e4                _sbrk
 .text.SystemInit
                0x0000000008009250       0x24 ./Core/Src/system_stm32f4xx.o
                0x0000000008009250                SystemInit
 .text.Reset_Handler
                0x0000000008009274       0x50 ./Core/Startup/startup_stm32f446retx.o
                0x0000000008009274                Reset_Handler
 .text.Default_Handler
                0x00000000080092c4        0x2 ./Core/Startup/startup_stm32f446retx.o
                0x00000000080092c4                RTC_Alarm_IRQHandler
                0x00000000080092c4                EXTI2_IRQHandler
                0x00000000080092c4                TIM8_CC_IRQHandler
                0x00000000080092c4                FMPI2C1_EV_IRQHandler
                0x00000000080092c4                SPI4_IRQHandler
                0x00000000080092c4                TIM1_CC_IRQHandler
                0x00000000080092c4                DMA2_Stream5_IRQHandler
                0x00000000080092c4                DMA1_Stream5_IRQHandler
                0x00000000080092c4                PVD_IRQHandler
                0x00000000080092c4                SDIO_IRQHandler
                0x00000000080092c4                TAMP_STAMP_IRQHandler
                0x00000000080092c4                CAN2_RX1_IRQHandler
                0x00000000080092c4                EXTI3_IRQHandler
                0x00000000080092c4                TIM8_TRG_COM_TIM14_IRQHandler
                0x00000000080092c4                TIM1_UP_TIM10_IRQHandler
                0x00000000080092c4                TIM8_UP_TIM13_IRQHandler
                0x00000000080092c4                I2C3_ER_IRQHandler
                0x00000000080092c4                EXTI0_IRQHandler
                0x00000000080092c4                I2C2_EV_IRQHandler
                0x00000000080092c4                DMA1_Stream2_IRQHandler
                0x00000000080092c4                CAN1_RX0_IRQHandler
                0x00000000080092c4                FPU_IRQHandler
                0x00000000080092c4                OTG_HS_WKUP_IRQHandler
                0x00000000080092c4                CAN2_SCE_IRQHandler
                0x00000000080092c4                DMA2_Stream2_IRQHandler
                0x00000000080092c4                SPI1_IRQHandler
                0x00000000080092c4                TIM6_DAC_IRQHandler
                0x00000000080092c4                TIM1_BRK_TIM9_IRQHandler
                0x00000000080092c4                DCMI_IRQHandler
                0x00000000080092c4                CAN2_RX0_IRQHandler
                0x00000000080092c4                DMA2_Stream3_IRQHandler
                0x00000000080092c4                SAI2_IRQHandler
                0x00000000080092c4                USART6_IRQHandler
                0x00000000080092c4                USART3_IRQHandler
                0x00000000080092c4                CAN1_RX1_IRQHandler
                0x00000000080092c4                UART5_IRQHandler
                0x00000000080092c4                DMA2_Stream0_IRQHandler
                0x00000000080092c4                TIM4_IRQHandler
                0x00000000080092c4                QUADSPI_IRQHandler
                0x00000000080092c4                I2C1_EV_IRQHandler
                0x00000000080092c4                DMA1_Stream6_IRQHandler
                0x00000000080092c4                DMA1_Stream1_IRQHandler
                0x00000000080092c4                UART4_IRQHandler
                0x00000000080092c4                TIM3_IRQHandler
                0x00000000080092c4                RCC_IRQHandler
                0x00000000080092c4                TIM8_BRK_TIM12_IRQHandler
                0x00000000080092c4                Default_Handler
                0x00000000080092c4                CEC_IRQHandler
                0x00000000080092c4                EXTI15_10_IRQHandler
                0x00000000080092c4                ADC_IRQHandler
                0x00000000080092c4                DMA1_Stream7_IRQHandler
                0x00000000080092c4                TIM7_IRQHandler
                0x00000000080092c4                CAN2_TX_IRQHandler
                0x00000000080092c4                TIM5_IRQHandler
                0x00000000080092c4                DMA2_Stream7_IRQHandler
                0x00000000080092c4                I2C3_EV_IRQHandler
                0x00000000080092c4                EXTI9_5_IRQHandler
                0x00000000080092c4                RTC_WKUP_IRQHandler
                0x00000000080092c4                SPDIF_RX_IRQHandler
                0x00000000080092c4                SPI2_IRQHandler
                0x00000000080092c4                OTG_HS_EP1_IN_IRQHandler
                0x00000000080092c4                DMA1_Stream0_IRQHandler
                0x00000000080092c4                CAN1_TX_IRQHandler
                0x00000000080092c4                FMPI2C1_ER_IRQHandler
                0x00000000080092c4                EXTI4_IRQHandler
                0x00000000080092c4                OTG_HS_EP1_OUT_IRQHandler
                0x00000000080092c4                WWDG_IRQHandler
                0x00000000080092c4                TIM2_IRQHandler
                0x00000000080092c4                OTG_FS_WKUP_IRQHandler
                0x00000000080092c4                TIM1_TRG_COM_TIM11_IRQHandler
                0x00000000080092c4                OTG_HS_IRQHandler
                0x00000000080092c4                EXTI1_IRQHandler
                0x00000000080092c4                USART2_IRQHandler
                0x00000000080092c4                I2C2_ER_IRQHandler
                0x00000000080092c4                DMA2_Stream1_IRQHandler
                0x00000000080092c4                CAN1_SCE_IRQHandler
                0x00000000080092c4                FLASH_IRQHandler
                0x00000000080092c4                DMA2_Stream4_IRQHandler
                0x00000000080092c4                USART1_IRQHandler
                0x00000000080092c4                OTG_FS_IRQHandler
                0x00000000080092c4                SPI3_IRQHandler
                0x00000000080092c4                DMA1_Stream4_IRQHandler
                0x00000000080092c4                I2C1_ER_IRQHandler
                0x00000000080092c4                FMC_IRQHandler
                0x00000000080092c4                DMA2_Stream6_IRQHandler
                0x00000000080092c4                SAI1_IRQHandler
                0x00000000080092c4                DMA1_Stream3_IRQHandler
 *fill*         0x00000000080092c6        0x2 
 .text.HAL_Init
                0x00000000080092c8       0x44 ./Drivers/STM32F4xx_HAL_Driver/Src/stm32f4xx_hal.o
                0x00000000080092c8                HAL_Init
 .text.HAL_InitTick
                0x000000000800930c       0x60 ./Drivers/STM32F4xx_HAL_Driver/Src/stm32f4xx_hal.o
                0x000000000800930c                HAL_InitTick
 .text.HAL_IncTick
                0x000000000800936c       0x28 ./Drivers/STM32F4xx_HAL_Driver/Src/stm32f4xx_hal.o
                0x000000000800936c                HAL_IncTick
 .text.HAL_GetTick
                0x0000000008009394       0x18 ./Drivers/STM32F4xx_HAL_Driver/Src/stm32f4xx_hal.o
                0x0000000008009394                HAL_GetTick
 .text.__NVIC_SetPriorityGrouping
                0x00000000080093ac       0x48 ./Drivers/STM32F4xx_HAL_Driver/Src/stm32f4xx_hal_cortex.o
 .text.__NVIC_GetPriorityGrouping
                0x00000000080093f4       0x1c ./Drivers/STM32F4xx_HAL_Driver/Src/stm32f4xx_hal_cortex.o
 .text.__NVIC_SetPriority
                0x0000000008009410       0x54 ./Drivers/STM32F4xx_HAL_Driver/Src/stm32f4xx_hal_cortex.o
 .text.NVIC_EncodePriority
                0x0000000008009464       0x66 ./Drivers/STM32F4xx_HAL_Driver/Src/stm32f4xx_hal_cortex.o
 *fill*         0x00000000080094ca        0x2 
 .text.SysTick_Config
                0x00000000080094cc       0x44 ./Drivers/STM32F4xx_HAL_Driver/Src/stm32f4xx_hal_cortex.o
 .text.HAL_NVIC_SetPriorityGrouping
                0x0000000008009510       0x16 ./Drivers/STM32F4xx_HAL_Driver/Src/stm32f4xx_hal_cortex.o
                0x0000000008009510                HAL_NVIC_SetPriorityGrouping
 .text.HAL_NVIC_SetPriority
                0x0000000008009526       0x38 ./Drivers/STM32F4xx_HAL_Driver/Src/stm32f4xx_hal_cortex.o
                0x0000000008009526                HAL_NVIC_SetPriority
 .text.HAL_SYSTICK_Config
                0x000000000800955e       0x18 ./Drivers/STM32F4xx_HAL_Driver/Src/stm32f4xx_hal_cortex.o
                0x000000000800955e                HAL_SYSTICK_Config
 .text.HAL_CRC_Init
                0x0000000008009576       0x38 ./Drivers/STM32F4xx_HAL_Driver/Src/stm32f4xx_hal_crc.o
                0x0000000008009576                HAL_CRC_Init
 .text.HAL_CRC_Accumulate
                0x00000000080095ae       0x56 ./Drivers/STM32F4xx_HAL_Driver/Src/stm32f4xx_hal_crc.o
                0x00000000080095ae                HAL_CRC_Accumulate
 .text.HAL_FLASH_Program
                0x0000000008009604       0xa8 ./Drivers/STM32F4xx_HAL_Driver/Src/stm32f4xx_hal_flash.o
                0x0000000008009604                HAL_FLASH_Program
 .text.HAL_FLASH_Unlock
                0x00000000080096ac       0x44 ./Drivers/STM32F4xx_HAL_Driver/Src/stm32f4xx_hal_flash.o
                0x00000000080096ac                HAL_FLASH_Unlock
 .text.HAL_FLASH_Lock
                0x00000000080096f0       0x20 ./Drivers/STM32F4xx_HAL_Driver/Src/stm32f4xx_hal_flash.o
                0x00000000080096f0                HAL_FLASH_Lock
 .text.FLASH_WaitForLastOperation
                0x0000000008009710       0x80 ./Drivers/STM32F4xx_HAL_Driver/Src/stm32f4xx_hal_flash.o
                0x0000000008009710                FLASH_WaitForLastOperation
 .text.FLASH_Program_DoubleWord
                0x0000000008009790       0x64 ./Drivers/STM32F4xx_HAL_Driver/Src/stm32f4xx_hal_flash.o
 .text.FLASH_Program_Word
                0x00000000080097f4       0x44 ./Drivers/STM32F4xx_HAL_Driver/Src/stm32f4xx_hal_flash.o
 .text.FLASH_Program_HalfWord
                0x0000000008009838       0x48 ./Drivers/STM32F4xx_HAL_Driver/Src/stm32f4xx_hal_flash.o
 .text.FLASH_Program_Byte
                0x0000000008009880       0x44 ./Drivers/STM32F4xx_HAL_Driver/Src/stm32f4xx_hal_flash.o
 .text.FLASH_SetErrorCode
                0x00000000080098c4       0xcc ./Drivers/STM32F4xx_HAL_Driver/Src/stm32f4xx_hal_flash.o
 .text.HAL_FLASHEx_Erase
                0x0000000008009990       0xe0 ./Drivers/STM32F4xx_HAL_Driver/Src/stm32f4xx_hal_flash_ex.o
                0x0000000008009990                HAL_FLASHEx_Erase
 .text.FLASH_MassErase
                0x0000000008009a70       0x48 ./Drivers/STM32F4xx_HAL_Driver/Src/stm32f4xx_hal_flash_ex.o
 .text.FLASH_Erase_Sector
                0x0000000008009ab8       0x90 ./Drivers/STM32F4xx_HAL_Driver/Src/stm32f4xx_hal_flash_ex.o
                0x0000000008009ab8                FLASH_Erase_Sector
 .text.FLASH_FlushCaches
                0x0000000008009b48       0x8c ./Drivers/STM32F4xx_HAL_Driver/Src/stm32f4xx_hal_flash_ex.o
                0x0000000008009b48                FLASH_FlushCaches
 .text.HAL_GPIO_Init
                0x0000000008009bd4      0x328 ./Drivers/STM32F4xx_HAL_Driver/Src/stm32f4xx_hal_gpio.o
                0x0000000008009bd4                HAL_GPIO_Init
 .text.HAL_GPIO_ReadPin
                0x0000000008009efc       0x30 ./Drivers/STM32F4xx_HAL_Driver/Src/stm32f4xx_hal_gpio.o
                0x0000000008009efc                HAL_GPIO_ReadPin
 .text.HAL_GPIO_WritePin
                0x0000000008009f2c       0x32 ./Drivers/STM32F4xx_HAL_Driver/Src/stm32f4xx_hal_gpio.o
                0x0000000008009f2c                HAL_GPIO_WritePin
 *fill*         0x0000000008009f5e        0x2 
 .text.HAL_RCC_ClockConfig
                0x0000000008009f60      0x1cc ./Drivers/STM32F4xx_HAL_Driver/Src/stm32f4xx_hal_rcc.o
                0x0000000008009f60                HAL_RCC_ClockConfig
 .text.HAL_RCC_GetHCLKFreq
                0x000000000800a12c       0x18 ./Drivers/STM32F4xx_HAL_Driver/Src/stm32f4xx_hal_rcc.o
                0x000000000800a12c                HAL_RCC_GetHCLKFreq
 .text.HAL_RCC_GetPCLK1Freq
                0x000000000800a144       0x28 ./Drivers/STM32F4xx_HAL_Driver/Src/stm32f4xx_hal_rcc.o
                0x000000000800a144                HAL_RCC_GetPCLK1Freq
 .text.HAL_RCC_GetPCLK2Freq
                0x000000000800a16c       0x28 ./Drivers/STM32F4xx_HAL_Driver/Src/stm32f4xx_hal_rcc.o
                0x000000000800a16c                HAL_RCC_GetPCLK2Freq
 .text.HAL_RCC_GetSysClockFreq
                0x000000000800a194      0x460 ./Drivers/STM32F4xx_HAL_Driver/Src/stm32f4xx_hal_rcc_ex.o
                0x000000000800a194                HAL_RCC_GetSysClockFreq
 .text.HAL_RCC_OscConfig
                0x000000000800a5f4      0x53c ./Drivers/STM32F4xx_HAL_Driver/Src/stm32f4xx_hal_rcc_ex.o
                0x000000000800a5f4                HAL_RCC_OscConfig
 .text.HAL_UART_Init
                0x000000000800ab30       0xa0 ./Drivers/STM32F4xx_HAL_Driver/Src/stm32f4xx_hal_uart.o
                0x000000000800ab30                HAL_UART_Init
 .text.HAL_UART_Transmit
                0x000000000800abd0      0x116 ./Drivers/STM32F4xx_HAL_Driver/Src/stm32f4xx_hal_uart.o
                0x000000000800abd0                HAL_UART_Transmit
 .text.HAL_UART_Receive
                0x000000000800ace6      0x12e ./Drivers/STM32F4xx_HAL_Driver/Src/stm32f4xx_hal_uart.o
                0x000000000800ace6                HAL_UART_Receive
 .text.UART_WaitOnFlagUntilTimeout
                0x000000000800ae14       0xb2 ./Drivers/STM32F4xx_HAL_Driver/Src/stm32f4xx_hal_uart.o
 .text.UART_EndRxTransfer
                0x000000000800aec6       0xc6 ./Drivers/STM32F4xx_HAL_Driver/Src/stm32f4xx_hal_uart.o
 .text.UART_SetConfig
                0x000000000800af8c      0x4e8 ./Drivers/STM32F4xx_HAL_Driver/Src/stm32f4xx_hal_uart.o
 .text._vsprintf_r
                0x000000000800b474       0x2c D:/STMicroelectronics/STM32CubeIDE_1.14.0/STM32CubeIDE/plugins/com.st.stm32cube.ide.mcu.externaltools.gnu-tools-for-stm32.11.3.rel1.win32_1.1.100.202309141235/tools/bin/../lib/gcc/arm-none-eabi/11.3.1/../../../../arm-none-eabi/lib/thumb/v7e-m+fp/hard\libc_nano.a(libc_a-vsprintf.o)
                0x000000000800b474                _vsprintf_r
                0x000000000800b474                _vsiprintf_r
 .text.vsprintf
                0x000000000800b4a0       0x14 D:/STMicroelectronics/STM32CubeIDE_1.14.0/STM32CubeIDE/plugins/com.st.stm32cube.ide.mcu.externaltools.gnu-tools-for-stm32.11.3.rel1.win32_1.1.100.202309141235/tools/bin/../lib/gcc/arm-none-eabi/11.3.1/../../../../arm-none-eabi/lib/thumb/v7e-m+fp/hard\libc_nano.a(libc_a-vsprintf.o)
                0x000000000800b4a0                vsiprintf
                0x000000000800b4a0                vsprintf
 .text.memset   0x000000000800b4b4       0x10 D:/STMicroelectronics/STM32CubeIDE_1.14.0/STM32CubeIDE/plugins/com.st.stm32cube.ide.mcu.externaltools.gnu-tools-for-stm32.11.3.rel1.win32_1.1.100.202309141235/tools/bin/../lib/gcc/arm-none-eabi/11.3.1/../../../../arm-none-eabi/lib/thumb/v7e-m+fp/hard\libc_nano.a(libc_a-memset.o)
                0x000000000800b4b4                memset
 .text.__errno  0x000000000800b4c4        0xc D:/STMicroelectronics/STM32CubeIDE_1.14.0/STM32CubeIDE/plugins/com.st.stm32cube.ide.mcu.externaltools.gnu-tools-for-stm32.11.3.rel1.win32_1.1.100.202309141235/tools/bin/../lib/gcc/arm-none-eabi/11.3.1/../../../../arm-none-eabi/lib/thumb/v7e-m+fp/hard\libc_nano.a(libc_a-errno.o)
                0x000000000800b4c4                __errno
 .text.__libc_init_array
                0x000000000800b4d0       0x48 D:/STMicroelectronics/STM32CubeIDE_1.14.0/STM32CubeIDE/plugins/com.st.stm32cube.ide.mcu.externaltools.gnu-tools-for-stm32.11.3.rel1.win32_1.1.100.202309141235/tools/bin/../lib/gcc/arm-none-eabi/11.3.1/../../../../arm-none-eabi/lib/thumb/v7e-m+fp/hard\libc_nano.a(libc_a-init.o)
                0x000000000800b4d0                __libc_init_array
 .text.__retarget_lock_acquire_recursive
                0x000000000800b518        0x2 D:/STMicroelectronics/STM32CubeIDE_1.14.0/STM32CubeIDE/plugins/com.st.stm32cube.ide.mcu.externaltools.gnu-tools-for-stm32.11.3.rel1.win32_1.1.100.202309141235/tools/bin/../lib/gcc/arm-none-eabi/11.3.1/../../../../arm-none-eabi/lib/thumb/v7e-m+fp/hard\libc_nano.a(libc_a-lock.o)
                0x000000000800b518                __retarget_lock_acquire_recursive
 .text.__retarget_lock_release_recursive
                0x000000000800b51a        0x2 D:/STMicroelectronics/STM32CubeIDE_1.14.0/STM32CubeIDE/plugins/com.st.stm32cube.ide.mcu.externaltools.gnu-tools-for-stm32.11.3.rel1.win32_1.1.100.202309141235/tools/bin/../lib/gcc/arm-none-eabi/11.3.1/../../../../arm-none-eabi/lib/thumb/v7e-m+fp/hard\libc_nano.a(libc_a-lock.o)
                0x000000000800b51a                __retarget_lock_release_recursive
 .text._free_r  0x000000000800b51c       0x98 D:/STMicroelectronics/STM32CubeIDE_1.14.0/STM32CubeIDE/plugins/com.st.stm32cube.ide.mcu.externaltools.gnu-tools-for-stm32.11.3.rel1.win32_1.1.100.202309141235/tools/bin/../lib/gcc/arm-none-eabi/11.3.1/../../../../arm-none-eabi/lib/thumb/v7e-m+fp/hard\libc_nano.a(libc_a-freer.o)
                0x000000000800b51c                _free_r
 .text.sbrk_aligned
                0x000000000800b5b4       0x40 D:/STMicroelectronics/STM32CubeIDE_1.14.0/STM32CubeIDE/plugins/com.st.stm32cube.ide.mcu.externaltools.gnu-tools-for-stm32.11.3.rel1.win32_1.1.100.202309141235/tools/bin/../lib/gcc/arm-none-eabi/11.3.1/../../../../arm-none-eabi/lib/thumb/v7e-m+fp/hard\libc_nano.a(libc_a-mallocr.o)
 .text._malloc_r
                0x000000000800b5f4      0x100 D:/STMicroelectronics/STM32CubeIDE_1.14.0/STM32CubeIDE/plugins/com.st.stm32cube.ide.mcu.externaltools.gnu-tools-for-stm32.11.3.rel1.win32_1.1.100.202309141235/tools/bin/../lib/gcc/arm-none-eabi/11.3.1/../../../../arm-none-eabi/lib/thumb/v7e-m+fp/hard\libc_nano.a(libc_a-mallocr.o)
                0x000000000800b5f4                _malloc_r
 .text.__malloc_lock
                0x000000000800b6f4        0xc D:/STMicroelectronics/STM32CubeIDE_1.14.0/STM32CubeIDE/plugins/com.st.stm32cube.ide.mcu.externaltools.gnu-tools-for-stm32.11.3.rel1.win32_1.1.100.202309141235/tools/bin/../lib/gcc/arm-none-eabi/11.3.1/../../../../arm-none-eabi/lib/thumb/v7e-m+fp/hard\libc_nano.a(libc_a-mlock.o)
                0x000000000800b6f4                __malloc_lock
 .text.__malloc_unlock
                0x000000000800b700        0xc D:/STMicroelectronics/STM32CubeIDE_1.14.0/STM32CubeIDE/plugins/com.st.stm32cube.ide.mcu.externaltools.gnu-tools-for-stm32.11.3.rel1.win32_1.1.100.202309141235/tools/bin/../lib/gcc/arm-none-eabi/11.3.1/../../../../arm-none-eabi/lib/thumb/v7e-m+fp/hard\libc_nano.a(libc_a-mlock.o)
                0x000000000800b700                __malloc_unlock
 .text.__ssputs_r
                0x000000000800b70c       0xb4 D:/STMicroelectronics/STM32CubeIDE_1.14.0/STM32CubeIDE/plugins/com.st.stm32cube.ide.mcu.externaltools.gnu-tools-for-stm32.11.3.rel1.win32_1.1.100.202309141235/tools/bin/../lib/gcc/arm-none-eabi/11.3.1/../../../../arm-none-eabi/lib/thumb/v7e-m+fp/hard\libc_nano.a(libc_a-nano-svfprintf.o)
                0x000000000800b70c                __ssputs_r
 .text._svfprintf_r
                0x000000000800b7c0      0x1fc D:/STMicroelectronics/STM32CubeIDE_1.14.0/STM32CubeIDE/plugins/com.st.stm32cube.ide.mcu.externaltools.gnu-tools-for-stm32.11.3.rel1.win32_1.1.100.202309141235/tools/bin/../lib/gcc/arm-none-eabi/11.3.1/../../../../arm-none-eabi/lib/thumb/v7e-m+fp/hard\libc_nano.a(libc_a-nano-svfprintf.o)
                0x000000000800b7c0                _svfiprintf_r
                0x000000000800b7c0                _svfprintf_r
 .text._printf_common
                0x000000000800b9bc       0xda D:/STMicroelectronics/STM32CubeIDE_1.14.0/STM32CubeIDE/plugins/com.st.stm32cube.ide.mcu.externaltools.gnu-tools-for-stm32.11.3.rel1.win32_1.1.100.202309141235/tools/bin/../lib/gcc/arm-none-eabi/11.3.1/../../../../arm-none-eabi/lib/thumb/v7e-m+fp/hard\libc_nano.a(libc_a-nano-vfprintf_i.o)
                0x000000000800b9bc                _printf_common
 *fill*         0x000000000800ba96        0x2 
 .text._printf_i
                0x000000000800ba98      0x244 D:/STMicroelectronics/STM32CubeIDE_1.14.0/STM32CubeIDE/plugins/com.st.stm32cube.ide.mcu.externaltools.gnu-tools-for-stm32.11.3.rel1.win32_1.1.100.202309141235/tools/bin/../lib/gcc/arm-none-eabi/11.3.1/../../../../arm-none-eabi/lib/thumb/v7e-m+fp/hard\libc_nano.a(libc_a-nano-vfprintf_i.o)
                0x000000000800ba98                _printf_i
 .text.memmove  0x000000000800bcdc       0x34 D:/STMicroelectronics/STM32CubeIDE_1.14.0/STM32CubeIDE/plugins/com.st.stm32cube.ide.mcu.externaltools.gnu-tools-for-stm32.11.3.rel1.win32_1.1.100.202309141235/tools/bin/../lib/gcc/arm-none-eabi/11.3.1/../../../../arm-none-eabi/lib/thumb/v7e-m+fp/hard\libc_nano.a(libc_a-memmove.o)
                0x000000000800bcdc                memmove
 .text._sbrk_r  0x000000000800bd10       0x20 D:/STMicroelectronics/STM32CubeIDE_1.14.0/STM32CubeIDE/plugins/com.st.stm32cube.ide.mcu.externaltools.gnu-tools-for-stm32.11.3.rel1.win32_1.1.100.202309141235/tools/bin/../lib/gcc/arm-none-eabi/11.3.1/../../../../arm-none-eabi/lib/thumb/v7e-m+fp/hard\libc_nano.a(libc_a-sbrkr.o)
                0x000000000800bd10                _sbrk_r
 .text.memcpy   0x000000000800bd30       0x1c D:/STMicroelectronics/STM32CubeIDE_1.14.0/STM32CubeIDE/plugins/com.st.stm32cube.ide.mcu.externaltools.gnu-tools-for-stm32.11.3.rel1.win32_1.1.100.202309141235/tools/bin/../lib/gcc/arm-none-eabi/11.3.1/../../../../arm-none-eabi/lib/thumb/v7e-m+fp/hard\libc_nano.a(libc_a-memcpy-stub.o)
                0x000000000800bd30                memcpy
 .text._realloc_r
                0x000000000800bd4c       0x5e D:/STMicroelectronics/STM32CubeIDE_1.14.0/STM32CubeIDE/plugins/com.st.stm32cube.ide.mcu.externaltools.gnu-tools-for-stm32.11.3.rel1.win32_1.1.100.202309141235/tools/bin/../lib/gcc/arm-none-eabi/11.3.1/../../../../arm-none-eabi/lib/thumb/v7e-m+fp/hard\libc_nano.a(libc_a-reallocr.o)
                0x000000000800bd4c                _realloc_r
 .text._malloc_usable_size_r
                0x000000000800bdaa       0x10 D:/STMicroelectronics/STM32CubeIDE_1.14.0/STM32CubeIDE/plugins/com.st.stm32cube.ide.mcu.externaltools.gnu-tools-for-stm32.11.3.rel1.win32_1.1.100.202309141235/tools/bin/../lib/gcc/arm-none-eabi/11.3.1/../../../../arm-none-eabi/lib/thumb/v7e-m+fp/hard\libc_nano.a(libc_a-msizer.o)
                0x000000000800bdaa                _malloc_usable_size_r
 *(.glue_7)
 .glue_7        0x000000000800bdba        0x0 linker stubs
 *(.glue_7t)
 .glue_7t       0x000000000800bdba        0x0 linker stubs
 *(.eh_frame)
 *fill*         0x000000000800bdba        0x2 
 .eh_frame      0x000000000800bdbc        0x0 D:/STMicroelectronics/STM32CubeIDE_1.14.0/STM32CubeIDE/plugins/com.st.stm32cube.ide.mcu.externaltools.gnu-tools-for-stm32.11.3.rel1.win32_1.1.100.202309141235/tools/bin/../lib/gcc/arm-none-eabi/11.3.1/thumb/v7e-m+fp/hard/crtbegin.o
 *(.init)
 .init          0x000000000800bdbc        0x4 D:/STMicroelectronics/STM32CubeIDE_1.14.0/STM32CubeIDE/plugins/com.st.stm32cube.ide.mcu.externaltools.gnu-tools-for-stm32.11.3.rel1.win32_1.1.100.202309141235/tools/bin/../lib/gcc/arm-none-eabi/11.3.1/thumb/v7e-m+fp/hard/crti.o
                0x000000000800bdbc                _init
 .init          0x000000000800bdc0        0x8 D:/STMicroelectronics/STM32CubeIDE_1.14.0/STM32CubeIDE/plugins/com.st.stm32cube.ide.mcu.externaltools.gnu-tools-for-stm32.11.3.rel1.win32_1.1.100.202309141235/tools/bin/../lib/gcc/arm-none-eabi/11.3.1/thumb/v7e-m+fp/hard/crtn.o
 *(.fini)
 .fini          0x000000000800bdc8        0x4 D:/STMicroelectronics/STM32CubeIDE_1.14.0/STM32CubeIDE/plugins/com.st.stm32cube.ide.mcu.externaltools.gnu-tools-for-stm32.11.3.rel1.win32_1.1.100.202309141235/tools/bin/../lib/gcc/arm-none-eabi/11.3.1/thumb/v7e-m+fp/hard/crti.o
                0x000000000800bdc8                _fini
 .fini          0x000000000800bdcc        0x8 D:/STMicroelectronics/STM32CubeIDE_1.14.0/STM32CubeIDE/plugins/com.st.stm32cube.ide.mcu.externaltools.gnu-tools-for-stm32.11.3.rel1.win32_1.1.100.202309141235/tools/bin/../lib/gcc/arm-none-eabi/11.3.1/thumb/v7e-m+fp/hard/crtn.o
                0x000000000800bdd4                . = ALIGN (0x4)
                0x000000000800bdd4                _etext = .

.vfp11_veneer   0x000000000800bdd4        0x0
 .vfp11_veneer  0x000000000800bdd4        0x0 linker stubs

.v4_bx          0x000000000800bdd4        0x0
 .v4_bx         0x000000000800bdd4        0x0 linker stubs

.iplt           0x000000000800bdd4        0x0
 .iplt          0x000000000800bdd4        0x0 D:/STMicroelectronics/STM32CubeIDE_1.14.0/STM32CubeIDE/plugins/com.st.stm32cube.ide.mcu.externaltools.gnu-tools-for-stm32.11.3.rel1.win32_1.1.100.202309141235/tools/bin/../lib/gcc/arm-none-eabi/11.3.1/thumb/v7e-m+fp/hard/crtbegin.o

.rodata         0x000000000800bdd4      0x3c8
                0x000000000800bdd4                . = ALIGN (0x4)
 *(.rodata)
 .rodata        0x000000000800bdd4      0x305 ./Core/Src/bsp.o
 *fill*         0x000000000800c0d9        0x3 
 .rodata        0x000000000800c0dc       0x72 ./Core/Src/main.o
 *(.rodata*)
 *fill*         0x000000000800c14e        0x2 
 .rodata.AHBPrescTable
                0x000000000800c150       0x10 ./Core/Src/system_stm32f4xx.o
                0x000000000800c150                AHBPrescTable
 .rodata.APBPrescTable
                0x000000000800c160        0x8 ./Core/Src/system_stm32f4xx.o
                0x000000000800c160                APBPrescTable
 .rodata._svfprintf_r.str1.1
                0x000000000800c168       0x11 D:/STMicroelectronics/STM32CubeIDE_1.14.0/STM32CubeIDE/plugins/com.st.stm32cube.ide.mcu.externaltools.gnu-tools-for-stm32.11.3.rel1.win32_1.1.100.202309141235/tools/bin/../lib/gcc/arm-none-eabi/11.3.1/../../../../arm-none-eabi/lib/thumb/v7e-m+fp/hard\libc_nano.a(libc_a-nano-svfprintf.o)
 .rodata._printf_i.str1.1
                0x000000000800c179       0x22 D:/STMicroelectronics/STM32CubeIDE_1.14.0/STM32CubeIDE/plugins/com.st.stm32cube.ide.mcu.externaltools.gnu-tools-for-stm32.11.3.rel1.win32_1.1.100.202309141235/tools/bin/../lib/gcc/arm-none-eabi/11.3.1/../../../../arm-none-eabi/lib/thumb/v7e-m+fp/hard\libc_nano.a(libc_a-nano-vfprintf_i.o)
                0x000000000800c19c                . = ALIGN (0x4)
 *fill*         0x000000000800c19b        0x1 

.ARM.extab      0x000000000800c19c        0x0
                0x000000000800c19c                . = ALIGN (0x4)
 *(.ARM.extab* .gnu.linkonce.armextab.*)
                0x000000000800c19c                . = ALIGN (0x4)

.ARM            0x000000000800c19c        0x8
                0x000000000800c19c                . = ALIGN (0x4)
                0x000000000800c19c                __exidx_start = .
 *(.ARM.exidx*)
 .ARM.exidx     0x000000000800c19c        0x8 D:/STMicroelectronics/STM32CubeIDE_1.14.0/STM32CubeIDE/plugins/com.st.stm32cube.ide.mcu.externaltools.gnu-tools-for-stm32.11.3.rel1.win32_1.1.100.202309141235/tools/bin/../lib/gcc/arm-none-eabi/11.3.1/thumb/v7e-m+fp/hard\libgcc.a(_udivmoddi4.o)
                0x000000000800c1a4                __exidx_end = .
                0x000000000800c1a4                . = ALIGN (0x4)

.preinit_array  0x000000000800c1a4        0x0
                0x000000000800c1a4                . = ALIGN (0x4)
                0x000000000800c1a4                PROVIDE (__preinit_array_start = .)
 *(.preinit_array*)
                0x000000000800c1a4                PROVIDE (__preinit_array_end = .)
                0x000000000800c1a4                . = ALIGN (0x4)

.init_array     0x000000000800c1a4        0x4
                0x000000000800c1a4                . = ALIGN (0x4)
                0x000000000800c1a4                PROVIDE (__init_array_start = .)
 *(SORT_BY_NAME(.init_array.*))
 *(.init_array*)
 .init_array    0x000000000800c1a4        0x4 D:/STMicroelectronics/STM32CubeIDE_1.14.0/STM32CubeIDE/plugins/com.st.stm32cube.ide.mcu.externaltools.gnu-tools-for-stm32.11.3.rel1.win32_1.1.100.202309141235/tools/bin/../lib/gcc/arm-none-eabi/11.3.1/thumb/v7e-m+fp/hard/crtbegin.o
                0x000000000800c1a8                PROVIDE (__init_array_end = .)
                0x000000000800c1a8                . = ALIGN (0x4)

.fini_array     0x000000000800c1a8        0x4
                0x000000000800c1a8                . = ALIGN (0x4)
                [!provide]                        PROVIDE (__fini_array_start = .)
 *(SORT_BY_NAME(.fini_array.*))
 *(.fini_array*)
 .fini_array    0x000000000800c1a8        0x4 D:/STMicroelectronics/STM32CubeIDE_1.14.0/STM32CubeIDE/plugins/com.st.stm32cube.ide.mcu.externaltools.gnu-tools-for-stm32.11.3.rel1.win32_1.1.100.202309141235/tools/bin/../lib/gcc/arm-none-eabi/11.3.1/thumb/v7e-m+fp/hard/crtbegin.o
                [!provide]                        PROVIDE (__fini_array_end = .)
                0x000000000800c1ac                . = ALIGN (0x4)
                0x000000000800c1ac                _sidata = LOADADDR (.data)

.rel.dyn        0x000000000800c1ac        0x0
 .rel.iplt      0x000000000800c1ac        0x0 D:/STMicroelectronics/STM32CubeIDE_1.14.0/STM32CubeIDE/plugins/com.st.stm32cube.ide.mcu.externaltools.gnu-tools-for-stm32.11.3.rel1.win32_1.1.100.202309141235/tools/bin/../lib/gcc/arm-none-eabi/11.3.1/thumb/v7e-m+fp/hard/crtbegin.o

.data           0x0000000020000000       0x64 load address 0x000000000800c1ac
                0x0000000020000000                . = ALIGN (0x4)
                0x0000000020000000                _sdata = .
 *(.data)
 *(.data*)
 .data.msg1     0x0000000020000000        0x4 ./Core/Src/main.o
                0x0000000020000000                msg1
 .data.msg2     0x0000000020000004        0x4 ./Core/Src/main.o
                0x0000000020000004                msg2
 .data.SystemCoreClock
                0x0000000020000008        0x4 ./Core/Src/system_stm32f4xx.o
                0x0000000020000008                SystemCoreClock
 .data.uwTickPrio
                0x000000002000000c        0x4 ./Drivers/STM32F4xx_HAL_Driver/Src/stm32f4xx_hal.o
                0x000000002000000c                uwTickPrio
 .data.uwTickFreq
                0x0000000020000010        0x1 ./Drivers/STM32F4xx_HAL_Driver/Src/stm32f4xx_hal.o
                0x0000000020000010                uwTickFreq
 *fill*         0x0000000020000011        0x3 
 .data._impure_data
                0x0000000020000014       0x4c D:/STMicroelectronics/STM32CubeIDE_1.14.0/STM32CubeIDE/plugins/com.st.stm32cube.ide.mcu.externaltools.gnu-tools-for-stm32.11.3.rel1.win32_1.1.100.202309141235/tools/bin/../lib/gcc/arm-none-eabi/11.3.1/../../../../arm-none-eabi/lib/thumb/v7e-m+fp/hard\libc_nano.a(libc_a-impure.o)
                0x0000000020000014                _impure_data
 .data._impure_ptr
                0x0000000020000060        0x4 D:/STMicroelectronics/STM32CubeIDE_1.14.0/STM32CubeIDE/plugins/com.st.stm32cube.ide.mcu.externaltools.gnu-tools-for-stm32.11.3.rel1.win32_1.1.100.202309141235/tools/bin/../lib/gcc/arm-none-eabi/11.3.1/../../../../arm-none-eabi/lib/thumb/v7e-m+fp/hard\libc_nano.a(libc_a-impure.o)
                0x0000000020000060                _impure_ptr
 *(.RamFunc)
 *(.RamFunc*)
                0x0000000020000064                . = ALIGN (0x4)
                0x0000000020000064                _edata = .

.igot.plt       0x0000000020000064        0x0 load address 0x000000000800c210
 .igot.plt      0x0000000020000064        0x0 D:/STMicroelectronics/STM32CubeIDE_1.14.0/STM32CubeIDE/plugins/com.st.stm32cube.ide.mcu.externaltools.gnu-tools-for-stm32.11.3.rel1.win32_1.1.100.202309141235/tools/bin/../lib/gcc/arm-none-eabi/11.3.1/thumb/v7e-m+fp/hard/crtbegin.o
                0x0000000020000064                . = ALIGN (0x4)

.bss            0x0000000020000064      0x2ec load address 0x000000000800c210
                0x0000000020000064                _sbss = .
                0x0000000020000064                __bss_start__ = _sbss
 *(.bss)
 .bss           0x0000000020000064       0x1c D:/STMicroelectronics/STM32CubeIDE_1.14.0/STM32CubeIDE/plugins/com.st.stm32cube.ide.mcu.externaltools.gnu-tools-for-stm32.11.3.rel1.win32_1.1.100.202309141235/tools/bin/../lib/gcc/arm-none-eabi/11.3.1/thumb/v7e-m+fp/hard/crtbegin.o
 *(.bss*)
 .bss.bl_rx_buffer
                0x0000000020000080       0xc8 ./Core/Src/bsp.o
                0x0000000020000080                bl_rx_buffer
 .bss.hcrc      0x0000000020000148        0x8 ./Core/Src/main.o
                0x0000000020000148                hcrc
 .bss.huart2    0x0000000020000150       0x48 ./Core/Src/main.o
                0x0000000020000150                huart2
 .bss.huart3    0x0000000020000198       0x48 ./Core/Src/main.o
                0x0000000020000198                huart3
 .bss.__sbrk_heap_end
                0x00000000200001e0        0x4 ./Core/Src/sysmem.o
 .bss.uwTick    0x00000000200001e4        0x4 ./Drivers/STM32F4xx_HAL_Driver/Src/stm32f4xx_hal.o
                0x00000000200001e4                uwTick
 .bss.pFlash    0x00000000200001e8       0x20 ./Drivers/STM32F4xx_HAL_Driver/Src/stm32f4xx_hal_flash.o
                0x00000000200001e8                pFlash
 .bss.__sf      0x0000000020000208      0x138 D:/STMicroelectronics/STM32CubeIDE_1.14.0/STM32CubeIDE/plugins/com.st.stm32cube.ide.mcu.externaltools.gnu-tools-for-stm32.11.3.rel1.win32_1.1.100.202309141235/tools/bin/../lib/gcc/arm-none-eabi/11.3.1/../../../../arm-none-eabi/lib/thumb/v7e-m+fp/hard\libc_nano.a(libc_a-findfp.o)
                0x0000000020000208                __sf
 .bss.errno     0x0000000020000340        0x4 D:/STMicroelectronics/STM32CubeIDE_1.14.0/STM32CubeIDE/plugins/com.st.stm32cube.ide.mcu.externaltools.gnu-tools-for-stm32.11.3.rel1.win32_1.1.100.202309141235/tools/bin/../lib/gcc/arm-none-eabi/11.3.1/../../../../arm-none-eabi/lib/thumb/v7e-m+fp/hard\libc_nano.a(libc_a-reent.o)
                0x0000000020000340                errno
 .bss.__lock___malloc_recursive_mutex
                0x0000000020000344        0x1 D:/STMicroelectronics/STM32CubeIDE_1.14.0/STM32CubeIDE/plugins/com.st.stm32cube.ide.mcu.externaltools.gnu-tools-for-stm32.11.3.rel1.win32_1.1.100.202309141235/tools/bin/../lib/gcc/arm-none-eabi/11.3.1/../../../../arm-none-eabi/lib/thumb/v7e-m+fp/hard\libc_nano.a(libc_a-lock.o)
                0x0000000020000344                __lock___malloc_recursive_mutex
 *fill*         0x0000000020000345        0x3 
 .bss.__malloc_free_list
                0x0000000020000348        0x4 D:/STMicroelectronics/STM32CubeIDE_1.14.0/STM32CubeIDE/plugins/com.st.stm32cube.ide.mcu.externaltools.gnu-tools-for-stm32.11.3.rel1.win32_1.1.100.202309141235/tools/bin/../lib/gcc/arm-none-eabi/11.3.1/../../../../arm-none-eabi/lib/thumb/v7e-m+fp/hard\libc_nano.a(libc_a-mallocr.o)
                0x0000000020000348                __malloc_free_list
 .bss.__malloc_sbrk_start
                0x000000002000034c        0x4 D:/STMicroelectronics/STM32CubeIDE_1.14.0/STM32CubeIDE/plugins/com.st.stm32cube.ide.mcu.externaltools.gnu-tools-for-stm32.11.3.rel1.win32_1.1.100.202309141235/tools/bin/../lib/gcc/arm-none-eabi/11.3.1/../../../../arm-none-eabi/lib/thumb/v7e-m+fp/hard\libc_nano.a(libc_a-mallocr.o)
                0x000000002000034c                __malloc_sbrk_start
 *(COMMON)
                0x0000000020000350                . = ALIGN (0x4)
                0x0000000020000350                _ebss = .
                0x0000000020000350                __bss_end__ = _ebss

._user_heap_stack
                0x0000000020000350      0x600 load address 0x000000000800c210
                0x0000000020000350                . = ALIGN (0x8)
                [!provide]                        PROVIDE (end = .)
                0x0000000020000350                PROVIDE (_end = .)
                0x0000000020000550                . = (. + _Min_Heap_Size)
 *fill*         0x0000000020000350      0x200 
                0x0000000020000950                . = (. + _Min_Stack_Size)
 *fill*         0x0000000020000550      0x400 
                0x0000000020000950                . = ALIGN (0x8)

/DISCARD/
 libc.a(*)
 libm.a(*)
 libgcc.a(*)

.ARM.attributes
                0x0000000000000000       0x30
 *(.ARM.attributes)
 .ARM.attributes
                0x0000000000000000       0x1e D:/STMicroelectronics/STM32CubeIDE_1.14.0/STM32CubeIDE/plugins/com.st.stm32cube.ide.mcu.externaltools.gnu-tools-for-stm32.11.3.rel1.win32_1.1.100.202309141235/tools/bin/../lib/gcc/arm-none-eabi/11.3.1/thumb/v7e-m+fp/hard/crti.o
 .ARM.attributes
                0x000000000000001e       0x34 D:/STMicroelectronics/STM32CubeIDE_1.14.0/STM32CubeIDE/plugins/com.st.stm32cube.ide.mcu.externaltools.gnu-tools-for-stm32.11.3.rel1.win32_1.1.100.202309141235/tools/bin/../lib/gcc/arm-none-eabi/11.3.1/thumb/v7e-m+fp/hard/crtbegin.o
 .ARM.attributes
                0x0000000000000052       0x34 ./Core/Src/bsp.o
 .ARM.attributes
                0x0000000000000086       0x34 ./Core/Src/main.o
 .ARM.attributes
                0x00000000000000ba       0x34 ./Core/Src/stm32f4xx_hal_msp.o
 .ARM.attributes
                0x00000000000000ee       0x34 ./Core/Src/stm32f4xx_it.o
 .ARM.attributes
                0x0000000000000122       0x34 ./Core/Src/sysmem.o
 .ARM.attributes
                0x0000000000000156       0x34 ./Core/Src/system_stm32f4xx.o
 .ARM.attributes
                0x000000000000018a       0x21 ./Core/Startup/startup_stm32f446retx.o
 .ARM.attributes
                0x00000000000001ab       0x34 ./Drivers/STM32F4xx_HAL_Driver/Src/stm32f4xx_hal.o
 .ARM.attributes
                0x00000000000001df       0x34 ./Drivers/STM32F4xx_HAL_Driver/Src/stm32f4xx_hal_cortex.o
 .ARM.attributes
                0x0000000000000213       0x34 ./Drivers/STM32F4xx_HAL_Driver/Src/stm32f4xx_hal_crc.o
 .ARM.attributes
                0x0000000000000247       0x34 ./Drivers/STM32F4xx_HAL_Driver/Src/stm32f4xx_hal_flash.o
 .ARM.attributes
                0x000000000000027b       0x34 ./Drivers/STM32F4xx_HAL_Driver/Src/stm32f4xx_hal_flash_ex.o
 .ARM.attributes
                0x00000000000002af       0x34 ./Drivers/STM32F4xx_HAL_Driver/Src/stm32f4xx_hal_gpio.o
 .ARM.attributes
                0x00000000000002e3       0x34 ./Drivers/STM32F4xx_HAL_Driver/Src/stm32f4xx_hal_rcc.o
 .ARM.attributes
                0x0000000000000317       0x34 ./Drivers/STM32F4xx_HAL_Driver/Src/stm32f4xx_hal_rcc_ex.o
 .ARM.attributes
                0x000000000000034b       0x34 ./Drivers/STM32F4xx_HAL_Driver/Src/stm32f4xx_hal_uart.o
 .ARM.attributes
                0x000000000000037f       0x34 D:/STMicroelectronics/STM32CubeIDE_1.14.0/STM32CubeIDE/plugins/com.st.stm32cube.ide.mcu.externaltools.gnu-tools-for-stm32.11.3.rel1.win32_1.1.100.202309141235/tools/bin/../lib/gcc/arm-none-eabi/11.3.1/../../../../arm-none-eabi/lib/thumb/v7e-m+fp/hard\libc_nano.a(libc_a-findfp.o)
 .ARM.attributes
                0x00000000000003b3       0x34 D:/STMicroelectronics/STM32CubeIDE_1.14.0/STM32CubeIDE/plugins/com.st.stm32cube.ide.mcu.externaltools.gnu-tools-for-stm32.11.3.rel1.win32_1.1.100.202309141235/tools/bin/../lib/gcc/arm-none-eabi/11.3.1/../../../../arm-none-eabi/lib/thumb/v7e-m+fp/hard\libc_nano.a(libc_a-vsprintf.o)
 .ARM.attributes
                0x00000000000003e7       0x34 D:/STMicroelectronics/STM32CubeIDE_1.14.0/STM32CubeIDE/plugins/com.st.stm32cube.ide.mcu.externaltools.gnu-tools-for-stm32.11.3.rel1.win32_1.1.100.202309141235/tools/bin/../lib/gcc/arm-none-eabi/11.3.1/../../../../arm-none-eabi/lib/thumb/v7e-m+fp/hard\libc_nano.a(libc_a-memset.o)
 .ARM.attributes
                0x000000000000041b       0x34 D:/STMicroelectronics/STM32CubeIDE_1.14.0/STM32CubeIDE/plugins/com.st.stm32cube.ide.mcu.externaltools.gnu-tools-for-stm32.11.3.rel1.win32_1.1.100.202309141235/tools/bin/../lib/gcc/arm-none-eabi/11.3.1/../../../../arm-none-eabi/lib/thumb/v7e-m+fp/hard\libc_nano.a(libc_a-reent.o)
 .ARM.attributes
                0x000000000000044f       0x34 D:/STMicroelectronics/STM32CubeIDE_1.14.0/STM32CubeIDE/plugins/com.st.stm32cube.ide.mcu.externaltools.gnu-tools-for-stm32.11.3.rel1.win32_1.1.100.202309141235/tools/bin/../lib/gcc/arm-none-eabi/11.3.1/../../../../arm-none-eabi/lib/thumb/v7e-m+fp/hard\libc_nano.a(libc_a-impure.o)
 .ARM.attributes
                0x0000000000000483       0x34 D:/STMicroelectronics/STM32CubeIDE_1.14.0/STM32CubeIDE/plugins/com.st.stm32cube.ide.mcu.externaltools.gnu-tools-for-stm32.11.3.rel1.win32_1.1.100.202309141235/tools/bin/../lib/gcc/arm-none-eabi/11.3.1/../../../../arm-none-eabi/lib/thumb/v7e-m+fp/hard\libc_nano.a(libc_a-errno.o)
 .ARM.attributes
                0x00000000000004b7       0x34 D:/STMicroelectronics/STM32CubeIDE_1.14.0/STM32CubeIDE/plugins/com.st.stm32cube.ide.mcu.externaltools.gnu-tools-for-stm32.11.3.rel1.win32_1.1.100.202309141235/tools/bin/../lib/gcc/arm-none-eabi/11.3.1/../../../../arm-none-eabi/lib/thumb/v7e-m+fp/hard\libc_nano.a(libc_a-init.o)
 .ARM.attributes
                0x00000000000004eb       0x34 D:/STMicroelectronics/STM32CubeIDE_1.14.0/STM32CubeIDE/plugins/com.st.stm32cube.ide.mcu.externaltools.gnu-tools-for-stm32.11.3.rel1.win32_1.1.100.202309141235/tools/bin/../lib/gcc/arm-none-eabi/11.3.1/../../../../arm-none-eabi/lib/thumb/v7e-m+fp/hard\libc_nano.a(libc_a-lock.o)
 .ARM.attributes
                0x000000000000051f       0x17 D:/STMicroelectronics/STM32CubeIDE_1.14.0/STM32CubeIDE/plugins/com.st.stm32cube.ide.mcu.externaltools.gnu-tools-for-stm32.11.3.rel1.win32_1.1.100.202309141235/tools/bin/../lib/gcc/arm-none-eabi/11.3.1/../../../../arm-none-eabi/lib/thumb/v7e-m+fp/hard\libc_nano.a(libc_a-strlen.o)
 .ARM.attributes
                0x0000000000000536       0x34 D:/STMicroelectronics/STM32CubeIDE_1.14.0/STM32CubeIDE/plugins/com.st.stm32cube.ide.mcu.externaltools.gnu-tools-for-stm32.11.3.rel1.win32_1.1.100.202309141235/tools/bin/../lib/gcc/arm-none-eabi/11.3.1/../../../../arm-none-eabi/lib/thumb/v7e-m+fp/hard\libc_nano.a(libc_a-freer.o)
 .ARM.attributes
                0x000000000000056a       0x34 D:/STMicroelectronics/STM32CubeIDE_1.14.0/STM32CubeIDE/plugins/com.st.stm32cube.ide.mcu.externaltools.gnu-tools-for-stm32.11.3.rel1.win32_1.1.100.202309141235/tools/bin/../lib/gcc/arm-none-eabi/11.3.1/../../../../arm-none-eabi/lib/thumb/v7e-m+fp/hard\libc_nano.a(libc_a-mallocr.o)
 .ARM.attributes
                0x000000000000059e       0x34 D:/STMicroelectronics/STM32CubeIDE_1.14.0/STM32CubeIDE/plugins/com.st.stm32cube.ide.mcu.externaltools.gnu-tools-for-stm32.11.3.rel1.win32_1.1.100.202309141235/tools/bin/../lib/gcc/arm-none-eabi/11.3.1/../../../../arm-none-eabi/lib/thumb/v7e-m+fp/hard\libc_nano.a(libc_a-mlock.o)
 .ARM.attributes
                0x00000000000005d2       0x34 D:/STMicroelectronics/STM32CubeIDE_1.14.0/STM32CubeIDE/plugins/com.st.stm32cube.ide.mcu.externaltools.gnu-tools-for-stm32.11.3.rel1.win32_1.1.100.202309141235/tools/bin/../lib/gcc/arm-none-eabi/11.3.1/../../../../arm-none-eabi/lib/thumb/v7e-m+fp/hard\libc_nano.a(libc_a-nano-svfprintf.o)
 .ARM.attributes
                0x0000000000000606       0x34 D:/STMicroelectronics/STM32CubeIDE_1.14.0/STM32CubeIDE/plugins/com.st.stm32cube.ide.mcu.externaltools.gnu-tools-for-stm32.11.3.rel1.win32_1.1.100.202309141235/tools/bin/../lib/gcc/arm-none-eabi/11.3.1/../../../../arm-none-eabi/lib/thumb/v7e-m+fp/hard\libc_nano.a(libc_a-nano-vfprintf_i.o)
 .ARM.attributes
                0x000000000000063a       0x34 D:/STMicroelectronics/STM32CubeIDE_1.14.0/STM32CubeIDE/plugins/com.st.stm32cube.ide.mcu.externaltools.gnu-tools-for-stm32.11.3.rel1.win32_1.1.100.202309141235/tools/bin/../lib/gcc/arm-none-eabi/11.3.1/../../../../arm-none-eabi/lib/thumb/v7e-m+fp/hard\libc_nano.a(libc_a-memmove.o)
 .ARM.attributes
                0x000000000000066e       0x34 D:/STMicroelectronics/STM32CubeIDE_1.14.0/STM32CubeIDE/plugins/com.st.stm32cube.ide.mcu.externaltools.gnu-tools-for-stm32.11.3.rel1.win32_1.1.100.202309141235/tools/bin/../lib/gcc/arm-none-eabi/11.3.1/../../../../arm-none-eabi/lib/thumb/v7e-m+fp/hard\libc_nano.a(libc_a-sbrkr.o)
 .ARM.attributes
                0x00000000000006a2       0x1c D:/STMicroelectronics/STM32CubeIDE_1.14.0/STM32CubeIDE/plugins/com.st.stm32cube.ide.mcu.externaltools.gnu-tools-for-stm32.11.3.rel1.win32_1.1.100.202309141235/tools/bin/../lib/gcc/arm-none-eabi/11.3.1/../../../../arm-none-eabi/lib/thumb/v7e-m+fp/hard\libc_nano.a(libc_a-memchr.o)
 .ARM.attributes
                0x00000000000006be       0x34 D:/STMicroelectronics/STM32CubeIDE_1.14.0/STM32CubeIDE/plugins/com.st.stm32cube.ide.mcu.externaltools.gnu-tools-for-stm32.11.3.rel1.win32_1.1.100.202309141235/tools/bin/../lib/gcc/arm-none-eabi/11.3.1/../../../../arm-none-eabi/lib/thumb/v7e-m+fp/hard\libc_nano.a(libc_a-memcpy-stub.o)
 .ARM.attributes
                0x00000000000006f2       0x34 D:/STMicroelectronics/STM32CubeIDE_1.14.0/STM32CubeIDE/plugins/com.st.stm32cube.ide.mcu.externaltools.gnu-tools-for-stm32.11.3.rel1.win32_1.1.100.202309141235/tools/bin/../lib/gcc/arm-none-eabi/11.3.1/../../../../arm-none-eabi/lib/thumb/v7e-m+fp/hard\libc_nano.a(libc_a-reallocr.o)
 .ARM.attributes
                0x0000000000000726       0x34 D:/STMicroelectronics/STM32CubeIDE_1.14.0/STM32CubeIDE/plugins/com.st.stm32cube.ide.mcu.externaltools.gnu-tools-for-stm32.11.3.rel1.win32_1.1.100.202309141235/tools/bin/../lib/gcc/arm-none-eabi/11.3.1/../../../../arm-none-eabi/lib/thumb/v7e-m+fp/hard\libc_nano.a(libc_a-msizer.o)
 .ARM.attributes
                0x000000000000075a       0x1e D:/STMicroelectronics/STM32CubeIDE_1.14.0/STM32CubeIDE/plugins/com.st.stm32cube.ide.mcu.externaltools.gnu-tools-for-stm32.11.3.rel1.win32_1.1.100.202309141235/tools/bin/../lib/gcc/arm-none-eabi/11.3.1/thumb/v7e-m+fp/hard\libgcc.a(_aeabi_uldivmod.o)
 .ARM.attributes
                0x0000000000000778       0x34 D:/STMicroelectronics/STM32CubeIDE_1.14.0/STM32CubeIDE/plugins/com.st.stm32cube.ide.mcu.externaltools.gnu-tools-for-stm32.11.3.rel1.win32_1.1.100.202309141235/tools/bin/../lib/gcc/arm-none-eabi/11.3.1/thumb/v7e-m+fp/hard\libgcc.a(_udivmoddi4.o)
 .ARM.attributes
                0x00000000000007ac       0x1e D:/STMicroelectronics/STM32CubeIDE_1.14.0/STM32CubeIDE/plugins/com.st.stm32cube.ide.mcu.externaltools.gnu-tools-for-stm32.11.3.rel1.win32_1.1.100.202309141235/tools/bin/../lib/gcc/arm-none-eabi/11.3.1/thumb/v7e-m+fp/hard\libgcc.a(_dvmd_tls.o)
 .ARM.attributes
                0x00000000000007ca       0x1e D:/STMicroelectronics/STM32CubeIDE_1.14.0/STM32CubeIDE/plugins/com.st.stm32cube.ide.mcu.externaltools.gnu-tools-for-stm32.11.3.rel1.win32_1.1.100.202309141235/tools/bin/../lib/gcc/arm-none-eabi/11.3.1/thumb/v7e-m+fp/hard/crtn.o
OUTPUT(STM32F446re_Bootloader.elf elf32-littlearm)
LOAD linker stubs
LOAD D:/STMicroelectronics/STM32CubeIDE_1.14.0/STM32CubeIDE/plugins/com.st.stm32cube.ide.mcu.externaltools.gnu-tools-for-stm32.11.3.rel1.win32_1.1.100.202309141235/tools/bin/../lib/gcc/arm-none-eabi/11.3.1/../../../../arm-none-eabi/lib/thumb/v7e-m+fp/hard\libc.a
LOAD D:/STMicroelectronics/STM32CubeIDE_1.14.0/STM32CubeIDE/plugins/com.st.stm32cube.ide.mcu.externaltools.gnu-tools-for-stm32.11.3.rel1.win32_1.1.100.202309141235/tools/bin/../lib/gcc/arm-none-eabi/11.3.1/../../../../arm-none-eabi/lib/thumb/v7e-m+fp/hard\libm.a
LOAD D:/STMicroelectronics/STM32CubeIDE_1.14.0/STM32CubeIDE/plugins/com.st.stm32cube.ide.mcu.externaltools.gnu-tools-for-stm32.11.3.rel1.win32_1.1.100.202309141235/tools/bin/../lib/gcc/arm-none-eabi/11.3.1/thumb/v7e-m+fp/hard\libgcc.a

.comment        0x0000000000000000       0x43
 .comment       0x0000000000000000       0x43 D:/STMicroelectronics/STM32CubeIDE_1.14.0/STM32CubeIDE/plugins/com.st.stm32cube.ide.mcu.externaltools.gnu-tools-for-stm32.11.3.rel1.win32_1.1.100.202309141235/tools/bin/../lib/gcc/arm-none-eabi/11.3.1/thumb/v7e-m+fp/hard/crtbegin.o
                                         0x44 (size before relaxing)
 .comment       0x0000000000000043       0x44 ./Core/Src/bsp.o
 .comment       0x0000000000000043       0x44 ./Core/Src/main.o
 .comment       0x0000000000000043       0x44 ./Core/Src/stm32f4xx_hal_msp.o
 .comment       0x0000000000000043       0x44 ./Core/Src/stm32f4xx_it.o
 .comment       0x0000000000000043       0x44 ./Core/Src/sysmem.o
 .comment       0x0000000000000043       0x44 ./Core/Src/system_stm32f4xx.o
 .comment       0x0000000000000043       0x44 ./Drivers/STM32F4xx_HAL_Driver/Src/stm32f4xx_hal.o
 .comment       0x0000000000000043       0x44 ./Drivers/STM32F4xx_HAL_Driver/Src/stm32f4xx_hal_cortex.o
 .comment       0x0000000000000043       0x44 ./Drivers/STM32F4xx_HAL_Driver/Src/stm32f4xx_hal_crc.o
 .comment       0x0000000000000043       0x44 ./Drivers/STM32F4xx_HAL_Driver/Src/stm32f4xx_hal_flash.o
 .comment       0x0000000000000043       0x44 ./Drivers/STM32F4xx_HAL_Driver/Src/stm32f4xx_hal_flash_ex.o
 .comment       0x0000000000000043       0x44 ./Drivers/STM32F4xx_HAL_Driver/Src/stm32f4xx_hal_gpio.o
 .comment       0x0000000000000043       0x44 ./Drivers/STM32F4xx_HAL_Driver/Src/stm32f4xx_hal_rcc.o
 .comment       0x0000000000000043       0x44 ./Drivers/STM32F4xx_HAL_Driver/Src/stm32f4xx_hal_rcc_ex.o
 .comment       0x0000000000000043       0x44 ./Drivers/STM32F4xx_HAL_Driver/Src/stm32f4xx_hal_uart.o

.debug_info     0x0000000000000000     0x9f66
 .debug_info    0x0000000000000000      0xe91 ./Core/Src/bsp.o
 .debug_info    0x0000000000000e91      0xda2 ./Core/Src/main.o
 .debug_info    0x0000000000001c33      0xa96 ./Core/Src/stm32f4xx_hal_msp.o
 .debug_info    0x00000000000026c9      0x112 ./Core/Src/stm32f4xx_it.o
 .debug_info    0x00000000000027db      0x168 ./Core/Src/sysmem.o
 .debug_info    0x0000000000002943      0x54a ./Core/Src/system_stm32f4xx.o
 .debug_info    0x0000000000002e8d       0x23 ./Core/Startup/startup_stm32f446retx.o
 .debug_info    0x0000000000002eb0      0x99a ./Drivers/STM32F4xx_HAL_Driver/Src/stm32f4xx_hal.o
 .debug_info    0x000000000000384a      0xdaa ./Drivers/STM32F4xx_HAL_Driver/Src/stm32f4xx_hal_cortex.o
 .debug_info    0x00000000000045f4      0x37f ./Drivers/STM32F4xx_HAL_Driver/Src/stm32f4xx_hal_crc.o
 .debug_info    0x0000000000004973      0x57d ./Drivers/STM32F4xx_HAL_Driver/Src/stm32f4xx_hal_flash.o
 .debug_info    0x0000000000004ef0      0x7db ./Drivers/STM32F4xx_HAL_Driver/Src/stm32f4xx_hal_flash_ex.o
 .debug_info    0x00000000000056cb      0x70b ./Drivers/STM32F4xx_HAL_Driver/Src/stm32f4xx_hal_gpio.o
 .debug_info    0x0000000000005dd6      0x8eb ./Drivers/STM32F4xx_HAL_Driver/Src/stm32f4xx_hal_rcc.o
 .debug_info    0x00000000000066c1      0x956 ./Drivers/STM32F4xx_HAL_Driver/Src/stm32f4xx_hal_rcc_ex.o
 .debug_info    0x0000000000007017     0x2f4f ./Drivers/STM32F4xx_HAL_Driver/Src/stm32f4xx_hal_uart.o

.debug_abbrev   0x0000000000000000     0x1f58
 .debug_abbrev  0x0000000000000000      0x31a ./Core/Src/bsp.o
 .debug_abbrev  0x000000000000031a      0x287 ./Core/Src/main.o
 .debug_abbrev  0x00000000000005a1      0x1df ./Core/Src/stm32f4xx_hal_msp.o
 .debug_abbrev  0x0000000000000780       0x73 ./Core/Src/stm32f4xx_it.o
 .debug_abbrev  0x00000000000007f3       0xbc ./Core/Src/sysmem.o
 .debug_abbrev  0x00000000000008af      0x11a ./Core/Src/system_stm32f4xx.o
 .debug_abbrev  0x00000000000009c9       0x12 ./Core/Startup/startup_stm32f446retx.o
 .debug_abbrev  0x00000000000009db      0x214 ./Drivers/STM32F4xx_HAL_Driver/Src/stm32f4xx_hal.o
 .debug_abbrev  0x0000000000000bef      0x31d ./Drivers/STM32F4xx_HAL_Driver/Src/stm32f4xx_hal_cortex.o
 .debug_abbrev  0x0000000000000f0c      0x1b1 ./Drivers/STM32F4xx_HAL_Driver/Src/stm32f4xx_hal_crc.o
 .debug_abbrev  0x00000000000010bd      0x28c ./Drivers/STM32F4xx_HAL_Driver/Src/stm32f4xx_hal_flash.o
 .debug_abbrev  0x0000000000001349      0x26c ./Drivers/STM32F4xx_HAL_Driver/Src/stm32f4xx_hal_flash_ex.o
 .debug_abbrev  0x00000000000015b5      0x1d4 ./Drivers/STM32F4xx_HAL_Driver/Src/stm32f4xx_hal_gpio.o
 .debug_abbrev  0x0000000000001789      0x2b7 ./Drivers/STM32F4xx_HAL_Driver/Src/stm32f4xx_hal_rcc.o
 .debug_abbrev  0x0000000000001a40      0x20a ./Drivers/STM32F4xx_HAL_Driver/Src/stm32f4xx_hal_rcc_ex.o
 .debug_abbrev  0x0000000000001c4a      0x30e ./Drivers/STM32F4xx_HAL_Driver/Src/stm32f4xx_hal_uart.o

.debug_aranges  0x0000000000000000      0x928
 .debug_aranges
                0x0000000000000000       0x90 ./Core/Src/bsp.o
 .debug_aranges
                0x0000000000000090       0x50 ./Core/Src/main.o
 .debug_aranges
                0x00000000000000e0       0x40 ./Core/Src/stm32f4xx_hal_msp.o
 .debug_aranges
                0x0000000000000120       0x60 ./Core/Src/stm32f4xx_it.o
 .debug_aranges
                0x0000000000000180       0x20 ./Core/Src/sysmem.o
 .debug_aranges
                0x00000000000001a0       0x28 ./Core/Src/system_stm32f4xx.o
 .debug_aranges
                0x00000000000001c8       0x28 ./Core/Startup/startup_stm32f446retx.o
 .debug_aranges
                0x00000000000001f0       0xf0 ./Drivers/STM32F4xx_HAL_Driver/Src/stm32f4xx_hal.o
 .debug_aranges
                0x00000000000002e0      0x130 ./Drivers/STM32F4xx_HAL_Driver/Src/stm32f4xx_hal_cortex.o
 .debug_aranges
                0x0000000000000410       0x50 ./Drivers/STM32F4xx_HAL_Driver/Src/stm32f4xx_hal_crc.o
 .debug_aranges
                0x0000000000000460       0xa0 ./Drivers/STM32F4xx_HAL_Driver/Src/stm32f4xx_hal_flash.o
 .debug_aranges
                0x0000000000000500       0xc8 ./Drivers/STM32F4xx_HAL_Driver/Src/stm32f4xx_hal_flash_ex.o
 .debug_aranges
                0x00000000000005c8       0x58 ./Drivers/STM32F4xx_HAL_Driver/Src/stm32f4xx_hal_gpio.o
 .debug_aranges
                0x0000000000000620       0x88 ./Drivers/STM32F4xx_HAL_Driver/Src/stm32f4xx_hal_rcc.o
 .debug_aranges
                0x00000000000006a8       0x78 ./Drivers/STM32F4xx_HAL_Driver/Src/stm32f4xx_hal_rcc_ex.o
 .debug_aranges
                0x0000000000000720      0x208 ./Drivers/STM32F4xx_HAL_Driver/Src/stm32f4xx_hal_uart.o

.debug_rnglists
                0x0000000000000000      0x6f0
 .debug_rnglists
                0x0000000000000000       0x6e ./Core/Src/bsp.o
 .debug_rnglists
                0x000000000000006e       0x3a ./Core/Src/main.o
 .debug_rnglists
                0x00000000000000a8       0x2c ./Core/Src/stm32f4xx_hal_msp.o
 .debug_rnglists
                0x00000000000000d4       0x43 ./Core/Src/stm32f4xx_it.o
 .debug_rnglists
                0x0000000000000117       0x13 ./Core/Src/sysmem.o
 .debug_rnglists
                0x000000000000012a       0x1a ./Core/Src/system_stm32f4xx.o
 .debug_rnglists
                0x0000000000000144       0x19 ./Core/Startup/startup_stm32f446retx.o
 .debug_rnglists
                0x000000000000015d       0xaf ./Drivers/STM32F4xx_HAL_Driver/Src/stm32f4xx_hal.o
 .debug_rnglists
                0x000000000000020c       0xe0 ./Drivers/STM32F4xx_HAL_Driver/Src/stm32f4xx_hal_cortex.o
 .debug_rnglists
                0x00000000000002ec       0x37 ./Drivers/STM32F4xx_HAL_Driver/Src/stm32f4xx_hal_crc.o
 .debug_rnglists
                0x0000000000000323       0x78 ./Drivers/STM32F4xx_HAL_Driver/Src/stm32f4xx_hal_flash.o
 .debug_rnglists
                0x000000000000039b       0x96 ./Drivers/STM32F4xx_HAL_Driver/Src/stm32f4xx_hal_flash_ex.o
 .debug_rnglists
                0x0000000000000431       0x3f ./Drivers/STM32F4xx_HAL_Driver/Src/stm32f4xx_hal_gpio.o
 .debug_rnglists
                0x0000000000000470       0x66 ./Drivers/STM32F4xx_HAL_Driver/Src/stm32f4xx_hal_rcc.o
 .debug_rnglists
                0x00000000000004d6       0x5e ./Drivers/STM32F4xx_HAL_Driver/Src/stm32f4xx_hal_rcc_ex.o
 .debug_rnglists
                0x0000000000000534      0x1bc ./Drivers/STM32F4xx_HAL_Driver/Src/stm32f4xx_hal_uart.o

.debug_macro    0x0000000000000000    0x2190b
 .debug_macro   0x0000000000000000      0x2f0 ./Core/Src/bsp.o
 .debug_macro   0x00000000000002f0      0xaa8 ./Core/Src/bsp.o
 .debug_macro   0x0000000000000d98      0x29b ./Core/Src/bsp.o
 .debug_macro   0x0000000000001033       0x2e ./Core/Src/bsp.o
 .debug_macro   0x0000000000001061       0x28 ./Core/Src/bsp.o
 .debug_macro   0x0000000000001089       0x22 ./Core/Src/bsp.o
 .debug_macro   0x00000000000010ab       0x8e ./Core/Src/bsp.o
 .debug_macro   0x0000000000001139       0x51 ./Core/Src/bsp.o
 .debug_macro   0x000000000000118a      0x103 ./Core/Src/bsp.o
 .debug_macro   0x000000000000128d       0x6a ./Core/Src/bsp.o
 .debug_macro   0x00000000000012f7      0x1df ./Core/Src/bsp.o
 .debug_macro   0x00000000000014d6       0x1c ./Core/Src/bsp.o
 .debug_macro   0x00000000000014f2       0x22 ./Core/Src/bsp.o
 .debug_macro   0x0000000000001514       0xfb ./Core/Src/bsp.o
 .debug_macro   0x000000000000160f     0x1011 ./Core/Src/bsp.o
 .debug_macro   0x0000000000002620      0x11f ./Core/Src/bsp.o
 .debug_macro   0x000000000000273f    0x16749 ./Core/Src/bsp.o
 .debug_macro   0x0000000000018e88       0x6d ./Core/Src/bsp.o
 .debug_macro   0x0000000000018ef5     0x369a ./Core/Src/bsp.o
 .debug_macro   0x000000000001c58f      0x174 ./Core/Src/bsp.o
 .debug_macro   0x000000000001c703       0x5c ./Core/Src/bsp.o
 .debug_macro   0x000000000001c75f      0xca5 ./Core/Src/bsp.o
 .debug_macro   0x000000000001d404      0x9e9 ./Core/Src/bsp.o
 .debug_macro   0x000000000001dded      0x115 ./Core/Src/bsp.o
 .debug_macro   0x000000000001df02      0x1a0 ./Core/Src/bsp.o
 .debug_macro   0x000000000001e0a2       0xa5 ./Core/Src/bsp.o
 .debug_macro   0x000000000001e147      0x16d ./Core/Src/bsp.o
 .debug_macro   0x000000000001e2b4      0x287 ./Core/Src/bsp.o
 .debug_macro   0x000000000001e53b       0x5f ./Core/Src/bsp.o
 .debug_macro   0x000000000001e59a      0x236 ./Core/Src/bsp.o
 .debug_macro   0x000000000001e7d0       0x22 ./Core/Src/bsp.o
 .debug_macro   0x000000000001e7f2      0x132 ./Core/Src/bsp.o
 .debug_macro   0x000000000001e924      0x29c ./Core/Src/bsp.o
 .debug_macro   0x000000000001ebc0       0x2e ./Core/Src/bsp.o
 .debug_macro   0x000000000001ebee      0x127 ./Core/Src/bsp.o
 .debug_macro   0x000000000001ed15       0xe8 ./Core/Src/bsp.o
 .debug_macro   0x000000000001edfd       0x89 ./Core/Src/bsp.o
 .debug_macro   0x000000000001ee86      0x2aa ./Core/Src/bsp.o
 .debug_macro   0x000000000001f130      0x126 ./Core/Src/bsp.o
 .debug_macro   0x000000000001f256       0x58 ./Core/Src/bsp.o
 .debug_macro   0x000000000001f2ae       0xac ./Core/Src/bsp.o
 .debug_macro   0x000000000001f35a       0x58 ./Core/Src/bsp.o
 .debug_macro   0x000000000001f3b2       0x61 ./Core/Src/bsp.o
 .debug_macro   0x000000000001f413       0x2a ./Core/Src/bsp.o
 .debug_macro   0x000000000001f43d       0x43 ./Core/Src/bsp.o
 .debug_macro   0x000000000001f480       0x34 ./Core/Src/bsp.o
 .debug_macro   0x000000000001f4b4       0x16 ./Core/Src/bsp.o
 .debug_macro   0x000000000001f4ca       0x43 ./Core/Src/bsp.o
 .debug_macro   0x000000000001f50d       0x34 ./Core/Src/bsp.o
 .debug_macro   0x000000000001f541       0x10 ./Core/Src/bsp.o
 .debug_macro   0x000000000001f551       0x58 ./Core/Src/bsp.o
 .debug_macro   0x000000000001f5a9       0x8e ./Core/Src/bsp.o
 .debug_macro   0x000000000001f637       0x1c ./Core/Src/bsp.o
 .debug_macro   0x000000000001f653      0x177 ./Core/Src/bsp.o
 .debug_macro   0x000000000001f7ca      0x369 ./Core/Src/bsp.o
 .debug_macro   0x000000000001fb33       0x10 ./Core/Src/bsp.o
 .debug_macro   0x000000000001fb43       0x35 ./Core/Src/bsp.o
 .debug_macro   0x000000000001fb78       0x20 ./Core/Src/bsp.o
 .debug_macro   0x000000000001fb98       0x1c ./Core/Src/bsp.o
 .debug_macro   0x000000000001fbb4       0x1c ./Core/Src/bsp.o
 .debug_macro   0x000000000001fbd0       0x16 ./Core/Src/bsp.o
 .debug_macro   0x000000000001fbe6      0x147 ./Core/Src/bsp.o
 .debug_macro   0x000000000001fd2d      0x2b4 ./Core/Src/main.o
 .debug_macro   0x000000000001ffe1      0x1d3 ./Core/Src/stm32f4xx_hal_msp.o
 .debug_macro   0x00000000000201b4      0x1dd ./Core/Src/stm32f4xx_it.o
 .debug_macro   0x0000000000020391       0xff ./Core/Src/sysmem.o
 .debug_macro   0x0000000000020490      0x23c ./Core/Src/sysmem.o
 .debug_macro   0x00000000000206cc      0x1c4 ./Core/Src/system_stm32f4xx.o
 .debug_macro   0x0000000000020890      0x224 ./Drivers/STM32F4xx_HAL_Driver/Src/stm32f4xx_hal.o
 .debug_macro   0x0000000000020ab4      0x1c4 ./Drivers/STM32F4xx_HAL_Driver/Src/stm32f4xx_hal_cortex.o
 .debug_macro   0x0000000000020c78      0x1c4 ./Drivers/STM32F4xx_HAL_Driver/Src/stm32f4xx_hal_crc.o
 .debug_macro   0x0000000000020e3c      0x1ca ./Drivers/STM32F4xx_HAL_Driver/Src/stm32f4xx_hal_flash.o
 .debug_macro   0x0000000000021006      0x1ca ./Drivers/STM32F4xx_HAL_Driver/Src/stm32f4xx_hal_flash_ex.o
 .debug_macro   0x00000000000211d0      0x1ca ./Drivers/STM32F4xx_HAL_Driver/Src/stm32f4xx_hal_gpio.o
 .debug_macro   0x000000000002139a      0x1e8 ./Drivers/STM32F4xx_HAL_Driver/Src/stm32f4xx_hal_rcc.o
 .debug_macro   0x0000000000021582      0x1c4 ./Drivers/STM32F4xx_HAL_Driver/Src/stm32f4xx_hal_rcc_ex.o
 .debug_macro   0x0000000000021746      0x1c5 ./Drivers/STM32F4xx_HAL_Driver/Src/stm32f4xx_hal_uart.o

.debug_line     0x0000000000000000     0xcc37
 .debug_line    0x0000000000000000      0xdfe ./Core/Src/bsp.o
 .debug_line    0x0000000000000dfe      0xba0 ./Core/Src/main.o
 .debug_line    0x000000000000199e      0x887 ./Core/Src/stm32f4xx_hal_msp.o
 .debug_line    0x0000000000002225      0x892 ./Core/Src/stm32f4xx_it.o
 .debug_line    0x0000000000002ab7      0x71d ./Core/Src/sysmem.o
 .debug_line    0x00000000000031d4      0x851 ./Core/Src/system_stm32f4xx.o
 .debug_line    0x0000000000003a25       0x7a ./Core/Startup/startup_stm32f446retx.o
 .debug_line    0x0000000000003a9f      0xab7 ./Drivers/STM32F4xx_HAL_Driver/Src/stm32f4xx_hal.o
 .debug_line    0x0000000000004556      0xdb1 ./Drivers/STM32F4xx_HAL_Driver/Src/stm32f4xx_hal_cortex.o
 .debug_line    0x0000000000005307      0x916 ./Drivers/STM32F4xx_HAL_Driver/Src/stm32f4xx_hal_crc.o
 .debug_line    0x0000000000005c1d      0xb40 ./Drivers/STM32F4xx_HAL_Driver/Src/stm32f4xx_hal_flash.o
 .debug_line    0x000000000000675d      0xc3a ./Drivers/STM32F4xx_HAL_Driver/Src/stm32f4xx_hal_flash_ex.o
 .debug_line    0x0000000000007397      0xc17 ./Drivers/STM32F4xx_HAL_Driver/Src/stm32f4xx_hal_gpio.o
 .debug_line    0x0000000000007fae      0xe54 ./Drivers/STM32F4xx_HAL_Driver/Src/stm32f4xx_hal_rcc.o
 .debug_line    0x0000000000008e02     0x14c1 ./Drivers/STM32F4xx_HAL_Driver/Src/stm32f4xx_hal_rcc_ex.o
 .debug_line    0x000000000000a2c3     0x2974 ./Drivers/STM32F4xx_HAL_Driver/Src/stm32f4xx_hal_uart.o

.debug_str      0x0000000000000000    0xc9443
 .debug_str     0x0000000000000000    0xc6891 ./Core/Src/bsp.o
                                      0xc6c17 (size before relaxing)
 .debug_str     0x00000000000c6891      0x35a ./Core/Src/main.o
                                      0xc63f1 (size before relaxing)
 .debug_str     0x00000000000c6beb       0xa5 ./Core/Src/stm32f4xx_hal_msp.o
                                      0xc2df4 (size before relaxing)
 .debug_str     0x00000000000c6c90       0xc9 ./Core/Src/stm32f4xx_it.o
                                      0xc275a (size before relaxing)
 .debug_str     0x00000000000c6d59      0x4dc ./Core/Src/sysmem.o
                                       0x6086 (size before relaxing)
 .debug_str     0x00000000000c7235       0xdb ./Core/Src/system_stm32f4xx.o
                                      0xc2783 (size before relaxing)
 .debug_str     0x00000000000c7310       0x34 ./Core/Startup/startup_stm32f446retx.o
                                         0x98 (size before relaxing)
 .debug_str     0x00000000000c7344      0xb1b ./Drivers/STM32F4xx_HAL_Driver/Src/stm32f4xx_hal.o
                                      0xc3348 (size before relaxing)
 .debug_str     0x00000000000c7e5f      0x392 ./Drivers/STM32F4xx_HAL_Driver/Src/stm32f4xx_hal_cortex.o
                                      0xc309f (size before relaxing)
 .debug_str     0x00000000000c81f1       0x82 ./Drivers/STM32F4xx_HAL_Driver/Src/stm32f4xx_hal_crc.o
                                      0xc278c (size before relaxing)
 .debug_str     0x00000000000c8273      0x291 ./Drivers/STM32F4xx_HAL_Driver/Src/stm32f4xx_hal_flash.o
                                      0xc294e (size before relaxing)
 .debug_str     0x00000000000c8504      0x2a8 ./Drivers/STM32F4xx_HAL_Driver/Src/stm32f4xx_hal_flash_ex.o
                                      0xc2a71 (size before relaxing)
 .debug_str     0x00000000000c87ac      0x10b ./Drivers/STM32F4xx_HAL_Driver/Src/stm32f4xx_hal_gpio.o
                                      0xc28fe (size before relaxing)
 .debug_str     0x00000000000c88b7      0x228 ./Drivers/STM32F4xx_HAL_Driver/Src/stm32f4xx_hal_rcc.o
                                      0xc2bbc (size before relaxing)
 .debug_str     0x00000000000c8adf      0x324 ./Drivers/STM32F4xx_HAL_Driver/Src/stm32f4xx_hal_rcc_ex.o
                                      0xc2bef (size before relaxing)
 .debug_str     0x00000000000c8e03      0x640 ./Drivers/STM32F4xx_HAL_Driver/Src/stm32f4xx_hal_uart.o
                                      0xc3173 (size before relaxing)

.debug_frame    0x0000000000000000     0x28f8
 .debug_frame   0x0000000000000000      0x244 ./Core/Src/bsp.o
 .debug_frame   0x0000000000000244       0xe4 ./Core/Src/main.o
 .debug_frame   0x0000000000000328       0xcc ./Core/Src/stm32f4xx_hal_msp.o
 .debug_frame   0x00000000000003f4      0x104 ./Core/Src/stm32f4xx_it.o
 .debug_frame   0x00000000000004f8       0x34 ./Core/Src/sysmem.o
 .debug_frame   0x000000000000052c       0x58 ./Core/Src/system_stm32f4xx.o
 .debug_frame   0x0000000000000584      0x374 ./Drivers/STM32F4xx_HAL_Driver/Src/stm32f4xx_hal.o
 .debug_frame   0x00000000000008f8      0x508 ./Drivers/STM32F4xx_HAL_Driver/Src/stm32f4xx_hal_cortex.o
 .debug_frame   0x0000000000000e00      0x120 ./Drivers/STM32F4xx_HAL_Driver/Src/stm32f4xx_hal_crc.o
 .debug_frame   0x0000000000000f20      0x274 ./Drivers/STM32F4xx_HAL_Driver/Src/stm32f4xx_hal_flash.o
 .debug_frame   0x0000000000001194      0x334 ./Drivers/STM32F4xx_HAL_Driver/Src/stm32f4xx_hal_flash_ex.o
 .debug_frame   0x00000000000014c8      0x14c ./Drivers/STM32F4xx_HAL_Driver/Src/stm32f4xx_hal_gpio.o
 .debug_frame   0x0000000000001614      0x1f4 ./Drivers/STM32F4xx_HAL_Driver/Src/stm32f4xx_hal_rcc.o
 .debug_frame   0x0000000000001808      0x1e8 ./Drivers/STM32F4xx_HAL_Driver/Src/stm32f4xx_hal_rcc_ex.o
 .debug_frame   0x00000000000019f0      0x954 ./Drivers/STM32F4xx_HAL_Driver/Src/stm32f4xx_hal_uart.o
 .debug_frame   0x0000000000002344      0x144 D:/STMicroelectronics/STM32CubeIDE_1.14.0/STM32CubeIDE/plugins/com.st.stm32cube.ide.mcu.externaltools.gnu-tools-for-stm32.11.3.rel1.win32_1.1.100.202309141235/tools/bin/../lib/gcc/arm-none-eabi/11.3.1/../../../../arm-none-eabi/lib/thumb/v7e-m+fp/hard\libc_nano.a(libc_a-findfp.o)
 .debug_frame   0x0000000000002488       0x3c D:/STMicroelectronics/STM32CubeIDE_1.14.0/STM32CubeIDE/plugins/com.st.stm32cube.ide.mcu.externaltools.gnu-tools-for-stm32.11.3.rel1.win32_1.1.100.202309141235/tools/bin/../lib/gcc/arm-none-eabi/11.3.1/../../../../arm-none-eabi/lib/thumb/v7e-m+fp/hard\libc_nano.a(libc_a-vsprintf.o)
 .debug_frame   0x00000000000024c4       0x20 D:/STMicroelectronics/STM32CubeIDE_1.14.0/STM32CubeIDE/plugins/com.st.stm32cube.ide.mcu.externaltools.gnu-tools-for-stm32.11.3.rel1.win32_1.1.100.202309141235/tools/bin/../lib/gcc/arm-none-eabi/11.3.1/../../../../arm-none-eabi/lib/thumb/v7e-m+fp/hard\libc_nano.a(libc_a-memset.o)
 .debug_frame   0x00000000000024e4       0x38 D:/STMicroelectronics/STM32CubeIDE_1.14.0/STM32CubeIDE/plugins/com.st.stm32cube.ide.mcu.externaltools.gnu-tools-for-stm32.11.3.rel1.win32_1.1.100.202309141235/tools/bin/../lib/gcc/arm-none-eabi/11.3.1/../../../../arm-none-eabi/lib/thumb/v7e-m+fp/hard\libc_nano.a(libc_a-reent.o)
 .debug_frame   0x000000000000251c       0x20 D:/STMicroelectronics/STM32CubeIDE_1.14.0/STM32CubeIDE/plugins/com.st.stm32cube.ide.mcu.externaltools.gnu-tools-for-stm32.11.3.rel1.win32_1.1.100.202309141235/tools/bin/../lib/gcc/arm-none-eabi/11.3.1/../../../../arm-none-eabi/lib/thumb/v7e-m+fp/hard\libc_nano.a(libc_a-errno.o)
 .debug_frame   0x000000000000253c       0x2c D:/STMicroelectronics/STM32CubeIDE_1.14.0/STM32CubeIDE/plugins/com.st.stm32cube.ide.mcu.externaltools.gnu-tools-for-stm32.11.3.rel1.win32_1.1.100.202309141235/tools/bin/../lib/gcc/arm-none-eabi/11.3.1/../../../../arm-none-eabi/lib/thumb/v7e-m+fp/hard\libc_nano.a(libc_a-init.o)
 .debug_frame   0x0000000000002568       0xb0 D:/STMicroelectronics/STM32CubeIDE_1.14.0/STM32CubeIDE/plugins/com.st.stm32cube.ide.mcu.externaltools.gnu-tools-for-stm32.11.3.rel1.win32_1.1.100.202309141235/tools/bin/../lib/gcc/arm-none-eabi/11.3.1/../../../../arm-none-eabi/lib/thumb/v7e-m+fp/hard\libc_nano.a(libc_a-lock.o)
 .debug_frame   0x0000000000002618       0x38 D:/STMicroelectronics/STM32CubeIDE_1.14.0/STM32CubeIDE/plugins/com.st.stm32cube.ide.mcu.externaltools.gnu-tools-for-stm32.11.3.rel1.win32_1.1.100.202309141235/tools/bin/../lib/gcc/arm-none-eabi/11.3.1/../../../../arm-none-eabi/lib/thumb/v7e-m+fp/hard\libc_nano.a(libc_a-freer.o)
 .debug_frame   0x0000000000002650       0x50 D:/STMicroelectronics/STM32CubeIDE_1.14.0/STM32CubeIDE/plugins/com.st.stm32cube.ide.mcu.externaltools.gnu-tools-for-stm32.11.3.rel1.win32_1.1.100.202309141235/tools/bin/../lib/gcc/arm-none-eabi/11.3.1/../../../../arm-none-eabi/lib/thumb/v7e-m+fp/hard\libc_nano.a(libc_a-mallocr.o)
 .debug_frame   0x00000000000026a0       0x30 D:/STMicroelectronics/STM32CubeIDE_1.14.0/STM32CubeIDE/plugins/com.st.stm32cube.ide.mcu.externaltools.gnu-tools-for-stm32.11.3.rel1.win32_1.1.100.202309141235/tools/bin/../lib/gcc/arm-none-eabi/11.3.1/../../../../arm-none-eabi/lib/thumb/v7e-m+fp/hard\libc_nano.a(libc_a-mlock.o)
 .debug_frame   0x00000000000026d0       0x90 D:/STMicroelectronics/STM32CubeIDE_1.14.0/STM32CubeIDE/plugins/com.st.stm32cube.ide.mcu.externaltools.gnu-tools-for-stm32.11.3.rel1.win32_1.1.100.202309141235/tools/bin/../lib/gcc/arm-none-eabi/11.3.1/../../../../arm-none-eabi/lib/thumb/v7e-m+fp/hard\libc_nano.a(libc_a-nano-svfprintf.o)
 .debug_frame   0x0000000000002760       0x60 D:/STMicroelectronics/STM32CubeIDE_1.14.0/STM32CubeIDE/plugins/com.st.stm32cube.ide.mcu.externaltools.gnu-tools-for-stm32.11.3.rel1.win32_1.1.100.202309141235/tools/bin/../lib/gcc/arm-none-eabi/11.3.1/../../../../arm-none-eabi/lib/thumb/v7e-m+fp/hard\libc_nano.a(libc_a-nano-vfprintf_i.o)
 .debug_frame   0x00000000000027c0       0x28 D:/STMicroelectronics/STM32CubeIDE_1.14.0/STM32CubeIDE/plugins/com.st.stm32cube.ide.mcu.externaltools.gnu-tools-for-stm32.11.3.rel1.win32_1.1.100.202309141235/tools/bin/../lib/gcc/arm-none-eabi/11.3.1/../../../../arm-none-eabi/lib/thumb/v7e-m+fp/hard\libc_nano.a(libc_a-memmove.o)
 .debug_frame   0x00000000000027e8       0x2c D:/STMicroelectronics/STM32CubeIDE_1.14.0/STM32CubeIDE/plugins/com.st.stm32cube.ide.mcu.externaltools.gnu-tools-for-stm32.11.3.rel1.win32_1.1.100.202309141235/tools/bin/../lib/gcc/arm-none-eabi/11.3.1/../../../../arm-none-eabi/lib/thumb/v7e-m+fp/hard\libc_nano.a(libc_a-sbrkr.o)
 .debug_frame   0x0000000000002814       0x28 D:/STMicroelectronics/STM32CubeIDE_1.14.0/STM32CubeIDE/plugins/com.st.stm32cube.ide.mcu.externaltools.gnu-tools-for-stm32.11.3.rel1.win32_1.1.100.202309141235/tools/bin/../lib/gcc/arm-none-eabi/11.3.1/../../../../arm-none-eabi/lib/thumb/v7e-m+fp/hard\libc_nano.a(libc_a-memcpy-stub.o)
 .debug_frame   0x000000000000283c       0x3c D:/STMicroelectronics/STM32CubeIDE_1.14.0/STM32CubeIDE/plugins/com.st.stm32cube.ide.mcu.externaltools.gnu-tools-for-stm32.11.3.rel1.win32_1.1.100.202309141235/tools/bin/../lib/gcc/arm-none-eabi/11.3.1/../../../../arm-none-eabi/lib/thumb/v7e-m+fp/hard\libc_nano.a(libc_a-reallocr.o)
 .debug_frame   0x0000000000002878       0x20 D:/STMicroelectronics/STM32CubeIDE_1.14.0/STM32CubeIDE/plugins/com.st.stm32cube.ide.mcu.externaltools.gnu-tools-for-stm32.11.3.rel1.win32_1.1.100.202309141235/tools/bin/../lib/gcc/arm-none-eabi/11.3.1/../../../../arm-none-eabi/lib/thumb/v7e-m+fp/hard\libc_nano.a(libc_a-msizer.o)
 .debug_frame   0x0000000000002898       0x2c D:/STMicroelectronics/STM32CubeIDE_1.14.0/STM32CubeIDE/plugins/com.st.stm32cube.ide.mcu.externaltools.gnu-tools-for-stm32.11.3.rel1.win32_1.1.100.202309141235/tools/bin/../lib/gcc/arm-none-eabi/11.3.1/thumb/v7e-m+fp/hard\libgcc.a(_aeabi_uldivmod.o)
 .debug_frame   0x00000000000028c4       0x34 D:/STMicroelectronics/STM32CubeIDE_1.14.0/STM32CubeIDE/plugins/com.st.stm32cube.ide.mcu.externaltools.gnu-tools-for-stm32.11.3.rel1.win32_1.1.100.202309141235/tools/bin/../lib/gcc/arm-none-eabi/11.3.1/thumb/v7e-m+fp/hard\libgcc.a(_udivmoddi4.o)

.debug_line_str
                0x0000000000000000       0x8c
 .debug_line_str
                0x0000000000000000       0x8c ./Core/Startup/startup_stm32f446retx.o
                                         0xa4 (size before relaxing)
